Component: ARM Compiler 5.06 (build 20) Tool: armlink [4d35a3]

==============================================================================

Section Cross References

    main.o(i._Z12timerHandlerv) refers to main.o(i._Z9gpio_readP6gpio_t) for gpio_read(gpio_t*)
    main.o(i._Z12timerHandlerv) refers to assert.o(i.mbed_assert_internal) for mbed_assert_internal
    main.o(i._Z12timerHandlerv) refers to main.o(.data) for tickCt
    main.o(i._Z12timerHandlerv) refers to main.o(.bss) for led1
    main.o(i._Z12timerHandlerv) refers to main.o(.conststring) for .conststring
    main.o(i._Z13jsPrsdAndRlsd7btnId_t) refers to main.o(i._Z9gpio_readP6gpio_t) for gpio_read(gpio_t*)
    main.o(i._Z13jsPrsdAndRlsd7btnId_t) refers to main.o(.bss) for jsBtns
    main.o(i._Z13jsPrsdAndRlsd7btnId_t) refers to main.o(.data) for savedState
    main.o(i._Z7accInitR7MMA7455) refers to mma7455.o(i._ZN7MMA74557setModeENS_4ModeE) for MMA7455::setMode(MMA7455::Mode)
    main.o(i._Z7accInitR7MMA7455) refers to mma7455.o(i._ZN7MMA74559calibrateEv) for MMA7455::calibrate()
    main.o(i._Z9gpio_readP6gpio_t) refers to assert.o(i.mbed_assert_internal) for mbed_assert_internal
    main.o(i._Z9gpio_readP6gpio_t) refers to main.o(.conststring) for .conststring
    main.o(i.__sti___8_main_cpp_led1) refers to rt_memclr_w.o(.text) for __aeabi_memclr4
    main.o(i.__sti___8_main_cpp_led1) refers to gpio.o(i.gpio_init_out) for gpio_init_out
    main.o(i.__sti___8_main_cpp_led1) refers to main.o(i._ZN4mbed9DigitalInC1E7PinName) for mbed::DigitalIn::DigitalIn(PinName)
    main.o(i.__sti___8_main_cpp_led1) refers to analogin_api.o(i.analogin_init) for analogin_init
    main.o(i.__sti___8_main_cpp_led1) refers to mma7455.o(i._ZN7MMA7455C1E7PinNameS0_) for MMA7455::MMA7455(PinName, PinName)
    main.o(i.__sti___8_main_cpp_led1) refers to lm75b.o(i._ZN5LM75BC1E7PinNameS0_NS_7AddressEi) for LM75B::LM75B(PinName, PinName, LM75B::Address, int)
    main.o(i.__sti___8_main_cpp_led1) refers to display.o(i._ZN7Display10theDisplayEv) for Display::theDisplay()
    main.o(i.__sti___8_main_cpp_led1) refers to main.o(.bss) for led1
    main.o(i.__sti___8_main_cpp_led1) refers to main.o(.data) for pot
    main.o(i.main) refers to adafruit_gfx.o(i._ZN12Adafruit_GFX12setTextColorEtt) for Adafruit_GFX::setTextColor(unsigned short, unsigned short)
    main.o(i.main) refers to adafruit_gfx.o(i._ZN12Adafruit_GFX9setCursorEss) for Adafruit_GFX::setCursor(short, short)
    main.o(i.main) refers to main.o(i._Z7accInitR7MMA7455) for accInit(MMA7455&)
    main.o(i.main) refers to stream.o(i._ZN4mbed6Stream6printfEPKcz) for mbed::Stream::printf(const char*, ...)
    main.o(i.main) refers to lm75b.o(i._ZN5LM75B4openEv) for LM75B::open()
    main.o(i.main) refers to timerevent.o(i._ZN4mbed10TimerEventC2Ev) for mbed::TimerEvent::TimerEvent__sub_object()
    main.o(i.main) refers to main.o(t._ZN4mbed19FunctionPointerArg1IvvE6attachEPFvvE) for mbed::FunctionPointerArg1<void, void>::attach(void(*)())
    main.o(i.main) refers to ticker.o(i._ZN4mbed6Ticker5setupEj) for mbed::Ticker::setup(unsigned)
    main.o(i.main) refers to adafruit_gfx.o(i._ZN12Adafruit_GFX10drawCircleEssst) for Adafruit_GFX::drawCircle(short, short, short, unsigned short)
    main.o(i.main) refers to analogin_api.o(i.analogin_read) for analogin_read
    main.o(i.main) refers to lm75b.o(i._ZN5LM75B4tempEv) for LM75B::temp()
    main.o(i.main) refers to mma7455.o(i._ZN7MMA74554readERiS0_S0_) for MMA7455::read(int&, int&, int&)
    main.o(i.main) refers to f2d.o(x$fpl$f2d) for __aeabi_f2d
    main.o(i.main) refers to adafruit_gfx.o(i._ZN12Adafruit_GFX10fillCircleEssst) for Adafruit_GFX::fillCircle(short, short, short, unsigned short)
    main.o(i.main) refers to main.o(i._Z13jsPrsdAndRlsd7btnId_t) for jsPrsdAndRlsd(btnId_t)
    main.o(i.main) refers to wait_api.o(i.wait) for wait
    main.o(i.main) refers to main.o(.data) for screen
    main.o(i.main) refers to main.o(.bss) for acc
    main.o(i.main) refers to ticker.o(.constdata__ZTVN4mbed6TickerE) for vtable for mbed::Ticker
    main.o(i.main) refers to main.o(i._Z12timerHandlerv) for timerHandler()
    main.o(.ARM.exidx) refers to main.o(i._Z9gpio_readP6gpio_t) for i._Z9gpio_readP6gpio_t
    main.o(.ARM.exidx) refers to main.o(i._Z13jsPrsdAndRlsd7btnId_t) for i._Z13jsPrsdAndRlsd7btnId_t
    main.o(.ARM.exidx) refers to main.o(i._Z12timerHandlerv) for i._Z12timerHandlerv
    main.o(.ARM.exidx) refers to main.o(i._Z7accInitR7MMA7455) for i._Z7accInitR7MMA7455
    main.o(.ARM.exidx) refers to main.o(i.main) for i.main
    main.o(.ARM.exidx) refers to main.o(i.__sti___8_main_cpp_led1) for i.__sti___8_main_cpp_led1
    main.o(.init_array) refers to main.o(i.__sti___8_main_cpp_led1) for __sti___8_main_cpp_led1
    main.o(.init_array) refers to init_aeabi.o(.text) for __cpp_initialize__aeabi_
    startup_lpc407x_8x_177x_8x.o(RESET) refers to startup_lpc407x_8x_177x_8x.o(.text) for Reset_Handler
[...]
    __I$use$semihosting                      0x000024fb   Thumb Code     0  use_no_semi.o(.text)
    __use_no_semihosting_swi                 0x000024fb   Thumb Code     2  use_no_semi.o(.text)
    __rt_SIGABRT                             0x000024fd   Thumb Code    14  defsig_abrt_outer.o(.text)
    __semihosting_library_function           0x000024fd   Thumb Code     0  indicate_semi.o(.text)
    __rt_SIGABRT_inner                       0x0000250d   Thumb Code    14  defsig_abrt_inner.o(.text)
    _btod_d2e                                0x0000253d   Thumb Code    62  btod.o(CL$$btod_d2e)
    _d2e_denorm_low                          0x0000257b   Thumb Code    70  btod.o(CL$$btod_d2e_denorm_low)
    _d2e_norm_op1                            0x000025c1   Thumb Code    96  btod.o(CL$$btod_d2e_norm_op1)
    __btod_div_common                        0x00002621   Thumb Code   696  btod.o(CL$$btod_div_common)
    _e2e                                     0x00002959   Thumb Code   198  btod.o(CL$$btod_e2e)
    _btod_ediv                               0x00002a1f   Thumb Code    40  btod.o(CL$$btod_ediv)
    _btod_emul                               0x00002a47   Thumb Code    40  btod.o(CL$$btod_emul)
    __btod_mult_common                       0x00002a6f   Thumb Code   580  btod.o(CL$$btod_mult_common)
    main                                     0x00002cb3   Thumb Code    16  retarget.o(i.$Sub$$main)
    NVIC_SetVector                           0x00002cc5   Thumb Code    58  cmsis_nvic.o(i.NVIC_SetVector)
    SystemCoreClockUpdate                    0x00002d05   Thumb Code   696  system_lpc407x_8x_177x_8x.o(i.SystemCoreClockUpdate)
    SystemInit                               0x00002fd9   Thumb Code   220  system_lpc407x_8x_177x_8x.o(i.SystemInit)
    sdram_init()                             0x000030c5   Thumb Code   216  sdram.o(i._Z10sdram_initv)
    timerHandler()                           0x00003331   Thumb Code    96  main.o(i._Z12timerHandlerv)
    adjust_timing()                          0x000033b5   Thumb Code    76  sdram.o(i._Z13adjust_timingv)
    jsPrsdAndRlsd(btnId_t)                   0x00003491   Thumb Code    52  main.o(i._Z13jsPrsdAndRlsd7btnId_t)
    accInit(MMA7455&)                        0x000034cd   Thumb Code    32  main.o(i._Z7accInitR7MMA7455)
    EaLcdBoard::eepromRead(unsigned char*, unsigned short, unsigned short) 0x00003893   Thumb Code   126  ealcdboard.o(i._ZN10EaLcdBoard10eepromReadEPhtt)
    EaLcdBoard::execPinSet(char*, unsigned)  0x00003911   Thumb Code   190  ealcdboard.o(i._ZN10EaLcdBoard10execPinSetEPcj)
    EaLcdBoard::getInitSeq(char*, int)       0x000039ed   Thumb Code    82  ealcdboard.o(i._ZN10EaLcdBoard10getInitSeqEPci)
    EaLcdBoard::execSeqCtrl(char*, unsigned) 0x00003a45   Thumb Code   132  ealcdboard.o(i._ZN10EaLcdBoard11execSeqCtrlEPcj)
    EaLcdBoard::set5VSignal(bool)            0x00003ac9   Thumb Code    32  ealcdboard.o(i._ZN10EaLcdBoard11set5VSignalEb)
    EaLcdBoard::setLsStates(unsigned short, unsigned char*, unsigned char) 0x00003ae9   Thumb Code    62  ealcdboard.o(i._ZN10EaLcdBoard11setLsStatesEtPhh)
    EaLcdBoard::checkVersion(char*, unsigned) 0x00003b27   Thumb Code    34  ealcdboard.o(i._ZN10EaLcdBoard12checkVersionEPcj)
    EaLcdBoard::getLcdConfig(LcdController::Config*) 0x00003b49   Thumb Code   214  ealcdboard.o(i._ZN10EaLcdBoard12getLcdConfigEPN13LcdController6ConfigE)
    EaLcdBoard::set3V3Signal(bool)           0x00003c25   Thumb Code    32  ealcdboard.o(i._ZN10EaLcdBoard12set3V3SignalEb)
    EaLcdBoard::setFrameBuffer(unsigned)     0x00003c45   Thumb Code    68  ealcdboard.o(i._ZN10EaLcdBoard14setFrameBufferEj)
    EaLcdBoard::parseInitString(char*, LcdController::Config*) 0x00003c89   Thumb Code   190  ealcdboard.o(i._ZN10EaLcdBoard15parseInitStringEPcPN13LcdController6ConfigE)
    EaLcdBoard::pca9532_setLeds(unsigned short, unsigned short) 0x00003d47   Thumb Code    44  ealcdboard.o(i._ZN10EaLcdBoard15pca9532_setLedsEtt)
    EaLcdBoard::setBacklightContrast(unsigned) 0x00003d73   Thumb Code    46  ealcdboard.o(i._ZN10EaLcdBoard20setBacklightContrastEj)
    EaLcdBoard::pca9532_setBlink0Duty(unsigned char) 0x00003da1   Thumb Code    54  ealcdboard.o(i._ZN10EaLcdBoard21pca9532_setBlink0DutyEh)
    EaLcdBoard::pca9532_setBlink0Leds(unsigned short) 0x00003dd7   Thumb Code    24  ealcdboard.o(i._ZN10EaLcdBoard21pca9532_setBlink0LedsEt)
    EaLcdBoard::setDisplayEnableSignal(bool) 0x00003def   Thumb Code    32  ealcdboard.o(i._ZN10EaLcdBoard22setDisplayEnableSignalEb)
    EaLcdBoard::pca9532_setBlink0Period(unsigned char) 0x00003e0f   Thumb Code    34  ealcdboard.o(i._ZN10EaLcdBoard23pca9532_setBlink0PeriodEh)
    EaLcdBoard::open(LcdController::Config*, char*) 0x00003e31   Thumb Code    70  ealcdboard.o(i._ZN10EaLcdBoard4openEPN13LcdController6ConfigEPc)
    EaLcdBoard::setLeds()                    0x00003e7d   Thumb Code   108  ealcdboard.o(i._ZN10EaLcdBoard7setLedsEv)
    EaLcdBoard::getStore(EaLcdBoard::store_t*) 0x00003ee9   Thumb Code    40  ealcdboard.o(i._ZN10EaLcdBoard8getStoreEPNS_7store_tE)
    EaLcdBoard::execDelay(char*, unsigned)   0x00003f11   Thumb Code    30  ealcdboard.o(i._ZN10EaLcdBoard9execDelayEPcj)
    EaLcdBoard::EaLcdBoard(PinName, PinName) 0x00003f31   Thumb Code    64  ealcdboard.o(i._ZN10EaLcdBoardC1E7PinNameS0_)
    EaLcdBoard::EaLcdBoard__sub_object(PinName, PinName) 0x00003f31   Thumb Code     0  ealcdboard.o(i._ZN10EaLcdBoardC1E7PinNameS0_)
    Adafruit_GFX::drawCircle(short, short, short, unsigned short) 0x00003f75   Thumb Code   356  adafruit_gfx.o(i._ZN12Adafruit_GFX10drawCircleEssst)
    Adafruit_GFX::fillCircle(short, short, short, unsigned short) 0x000040d9   Thumb Code    64  adafruit_gfx.o(i._ZN12Adafruit_GFX10fillCircleEssst)
    Adafruit_GFX::setTextColor(unsigned short, unsigned short) 0x00004119   Thumb Code     6  adafruit_gfx.o(i._ZN12Adafruit_GFX12setTextColorEtt)
    Adafruit_GFX::drawFastVLine(short, short, short, unsigned short) 0x0000411f   Thumb Code    46  adafruit_gfx.o(i._ZN12Adafruit_GFX13drawFastVLineEssst)
    Adafruit_GFX::fillCircleHelper(short, short, short, unsigned char, short, unsigned short) 0x0000414d   Thumb Code   246  adafruit_gfx.o(i._ZN12Adafruit_GFX16fillCircleHelperEssshst)
    Adafruit_GFX::width()                    0x00004243   Thumb Code     8  adafruit_gfx.o(i._ZN12Adafruit_GFX5widthEv)
    Adafruit_GFX::write(unsigned char)       0x0000424b   Thumb Code   122  adafruit_gfx.o(i._ZN12Adafruit_GFX5writeEh)
    Adafruit_GFX::height()                   0x000042c5   Thumb Code     8  adafruit_gfx.o(i._ZN12Adafruit_GFX6heightEv)
    Adafruit_GFX::drawChar(short, short, unsigned char, unsigned short, unsigned short, unsigned char) 0x000042cd   Thumb Code   256  adafruit_gfx.o(i._ZN12Adafruit_GFX8drawCharEsshtth)
    Adafruit_GFX::drawLine(short, short, short, short, unsigned short) 0x000043d1   Thumb Code   220  adafruit_gfx.o(i._ZN12Adafruit_GFX8drawLineEsssst)
    Adafruit_GFX::fillRect(short, short, short, short, unsigned short) 0x000044ad   Thumb Code    54  adafruit_gfx.o(i._ZN12Adafruit_GFX8fillRectEsssst)
    Adafruit_GFX::setCursor(short, short)    0x000044e3   Thumb Code     6  adafruit_gfx.o(i._ZN12Adafruit_GFX9setCursorEss)
    Adafruit_GFX::Adafruit_GFX__sub_object(short, short) 0x000044e9   Thumb Code    42  adafruit_gfx.o(i._ZN12Adafruit_GFXC2Ess)
    LcdController::setFrameBuffer(unsigned)  0x00004519   Thumb Code    18  lcdcontroller.o(i._ZN13LcdController14setFrameBufferEj)
    LcdController::getClockDivisor(int)      0x00004531   Thumb Code    56  lcdcontroller.o(i._ZN13LcdController15getClockDivisorEi)
    LcdController::init(LcdController::Config*) 0x0000456d   Thumb Code   436  lcdcontroller.o(i._ZN13LcdController4initEPNS_6ConfigE)
    LcdController::open(LcdController::Config*) 0x0000472d   Thumb Code    64  lcdcontroller.o(i._ZN13LcdController4openEPNS_6ConfigE)
    LcdController::Config::Config(int, int, int, int, int, int, int, int, bool, bool, bool, bool, int, LcdController::BitsPerPixel, int, LcdController::LcdPanel, bool) 0x00004775   Thumb Code    96  display.o(i._ZN13LcdController6ConfigC1EiiiiiiiibbbbiNS_12BitsPerPixelEiNS_8LcdPanelEb)
    LcdController::Config::Config__sub_object(int, int, int, int, int, int, int, int, bool, bool, bool, bool, int, LcdController::BitsPerPixel, int, LcdController::LcdPanel, bool) 0x00004775   Thumb Code     0  display.o(i._ZN13LcdController6ConfigC1EiiiiiiiibbbbiNS_12BitsPerPixelEiNS_8LcdPanelEb)
    LcdController::setPower(bool)            0x000047d5   Thumb Code    62  lcdcontroller.o(i._ZN13LcdController8setPowerEb)
    LcdController::pinConfig()               0x00004819   Thumb Code   342  lcdcontroller.o(i._ZN13LcdController9pinConfigEv)
    LcdController::LcdController()           0x00004975   Thumb Code     6  lcdcontroller.o(i._ZN13LcdControllerC1Ev)
    LcdController::LcdController__sub_object() 0x00004975   Thumb Code     0  lcdcontroller.o(i._ZN13LcdControllerC1Ev)
    EaLcdBoardGPIO::set5VSignal(bool)        0x0000497b   Thumb Code    32  ealcdboardgpio.o(i._ZN14EaLcdBoardGPIO11set5VSignalEb)
    EaLcdBoardGPIO::set3V3Signal(bool)       0x0000499b   Thumb Code    32  ealcdboardgpio.o(i._ZN14EaLcdBoardGPIO12set3V3SignalEb)
    EaLcdBoardGPIO::setWriteProtect(bool)    0x000049bb   Thumb Code     2  ealcdboardgpio.o(i._ZN14EaLcdBoardGPIO15setWriteProtectEb)
    EaLcdBoardGPIO::setBacklightContrast(unsigned) 0x000049bd   Thumb Code    78  ealcdboardgpio.o(i._ZN14EaLcdBoardGPIO20setBacklightContrastEj)
    EaLcdBoardGPIO::setDisplayEnableSignal(bool) 0x00004a19   Thumb Code    46  ealcdboardgpio.o(i._ZN14EaLcdBoardGPIO22setDisplayEnableSignalEb)
    EaLcdBoardGPIO::EaLcdBoardGPIO(PinName, PinName) 0x00004a51   Thumb Code   150  ealcdboardgpio.o(i._ZN14EaLcdBoardGPIOC1E7PinNameS0_)
    EaLcdBoardGPIO::EaLcdBoardGPIO__sub_object(PinName, PinName) 0x00004a51   Thumb Code     0  ealcdboardgpio.o(i._ZN14EaLcdBoardGPIOC1E7PinNameS0_)
    mbed::DigitalOut::DigitalOut(PinName)    0x00004aed   Thumb Code    26  ealcdboardgpio.o(i._ZN4mbed10DigitalOutC1E7PinName)
    mbed::DigitalOut::DigitalOut__sub_object(PinName) 0x00004aed   Thumb Code     0  ealcdboardgpio.o(i._ZN4mbed10DigitalOutC1E7PinName)
    mbed::DigitalOut::operator =(int)        0x00004b09   Thumb Code    64  ealcdboardgpio.o(i._ZN4mbed10DigitalOutaSEi)
    mbed::FileHandle::flen()                 0x00004b65   Thumb Code    58  filelike.o(i._ZN4mbed10FileHandle4flenEv)
    mbed::TimerEvent::irq(unsigned)          0x00004b9f   Thumb Code    16  timerevent.o(i._ZN4mbed10TimerEvent3irqEj)
    mbed::TimerEvent::insert(unsigned)       0x00004baf   Thumb Code    20  timerevent.o(i._ZN4mbed10TimerEvent6insertEj)
    mbed::TimerEvent::remove()               0x00004bc3   Thumb Code    14  timerevent.o(i._ZN4mbed10TimerEvent6removeEv)
    mbed::TimerEvent::TimerEvent__sub_object() 0x00004bd1   Thumb Code    34  timerevent.o(i._ZN4mbed10TimerEventC2Ev)
    mbed::mbed_set_unbuffered_stream(std::__FILE*) 0x00004bfd   Thumb Code    14  retarget.o(i._ZN4mbed26mbed_set_unbuffered_streamEPSt6__FILE)
    mbed::I2C::read(int, char*, int, bool)   0x00004c0b   Thumb Code    58  i2c.o(i._ZN4mbed3I2C4readEiPcib)
    mbed::I2C::write(int, const char*, int, bool) 0x00004c45   Thumb Code    58  i2c.o(i._ZN4mbed3I2C5writeEiPKcib)
    mbed::I2C::aquire()                      0x00004c81   Thumb Code    26  i2c.o(i._ZN4mbed3I2C6aquireEv)
    mbed::I2C::frequency(int)                0x00004ca1   Thumb Code    22  i2c.o(i._ZN4mbed3I2C9frequencyEi)
    mbed::I2C::I2C(PinName, PinName)         0x00004cbd   Thumb Code    34  i2c.o(i._ZN4mbed3I2CC1E7PinNameS1_)
    mbed::I2C::I2C__sub_object(PinName, PinName) 0x00004cbd   Thumb Code     0  i2c.o(i._ZN4mbed3I2CC1E7PinNameS1_)
    mbed::Stream::flen()                     0x00004ce9   Thumb Code     6  stream.o(i._ZN4mbed6Stream4flenEv)
    mbed::Stream::close()                    0x00004cef   Thumb Code     6  stream.o(i._ZN4mbed6Stream5closeEv)
    mbed::Stream::lseek(long, int)           0x00004cf5   Thumb Code     6  stream.o(i._ZN4mbed6Stream5lseekEli)
    mbed::Stream::write(const void*, unsigned) 0x00004cfb   Thumb Code    48  stream.o(i._ZN4mbed6Stream5writeEPKvj)
    mbed::Stream::isatty()                   0x00004d2b   Thumb Code     6  stream.o(i._ZN4mbed6Stream6isattyEv)
    mbed::Stream::printf(const char*, ...)   0x00004d31   Thumb Code    40  stream.o(i._ZN4mbed6Stream6printfEPKcz)
    mbed::Stream::Stream__sub_object(const char*) 0x00004d59   Thumb Code    58  stream.o(i._ZN4mbed6StreamC2EPKc)
    mbed::Ticker::setup(unsigned)            0x00004da1   Thumb Code    34  ticker.o(i._ZN4mbed6Ticker5setupEj)
    mbed::Ticker::handler()                  0x00004dc3   Thumb Code    56  ticker.o(i._ZN4mbed6Ticker7handlerEv)
    mbed::FileBase::getPathType()            0x00004dfb   Thumb Code     6  filebase.o(i._ZN4mbed8FileBase11getPathTypeEv)
    mbed::FileBase::lookup(const char*, unsigned) 0x00004e01   Thumb Code    52  filebase.o(i._ZN4mbed8FileBase6lookupEPKcj)
    mbed::FileBase::FileBase(const char*, mbed::PathType) 0x00004e39   Thumb Code    32  filebase.o(i._ZN4mbed8FileBaseC1EPKcNS_8PathTypeE)
    mbed::FileBase::FileBase__sub_object(const char*, mbed::PathType) 0x00004e39   Thumb Code     0  filebase.o(i._ZN4mbed8FileBaseC1EPKcNS_8PathTypeE)
    mbed::FileLike::FileLike__sub_object(const char*) 0x00004e61   Thumb Code    34  filelike.o(i._ZN4mbed8FileLikeC2EPKc)
    mbed::FilePath::fileSystem()             0x00004e8d   Thumb Code    20  filepath.o(i._ZN4mbed8FilePath10fileSystemEv)
    mbed::FilePath::isFileSystem()           0x00004ea1   Thumb Code    28  filepath.o(i._ZN4mbed8FilePath12isFileSystemEv)
    mbed::FilePath::file()                   0x00004ebd   Thumb Code    30  filepath.o(i._ZN4mbed8FilePath4fileEv)
    mbed::FilePath::exists()                 0x00004edb   Thumb Code    14  filepath.o(i._ZN4mbed8FilePath6existsEv)
    mbed::FilePath::isFile()                 0x00004ee9   Thumb Code    28  filepath.o(i._ZN4mbed8FilePath6isFileEv)
    mbed::FilePath::fileName()               0x00004f05   Thumb Code     6  filepath.o(i._ZN4mbed8FilePath8fileNameEv)
    mbed::FilePath::FilePath(const char*)    0x00004f0b   Thumb Code    86  filepath.o(i._ZN4mbed8FilePathC1EPKc)
    mbed::FilePath::FilePath__sub_object(const char*) 0x00004f0b   Thumb Code     0  filepath.o(i._ZN4mbed8FilePathC1EPKc)
    mbed::DigitalIn::DigitalIn(PinName)      0x00004f61   Thumb Code    26  main.o(i._ZN4mbed9DigitalInC1E7PinName)
    mbed::DigitalIn::DigitalIn__sub_object(PinName) 0x00004f61   Thumb Code     0  main.o(i._ZN4mbed9DigitalInC1E7PinName)
    GFXFb::fillScreen(unsigned short)        0x00004f7b   Thumb Code    38  gfxfb.o(i._ZN5GFXFb10fillScreenEt)
    GFXFb::drawFastVLine(short, short, short, unsigned short) 0x00004fa1   Thumb Code   104  gfxfb.o(i._ZN5GFXFb13drawFastVLineEssst)
    GFXFb::drawPixel(short, short, unsigned short) 0x00005009   Thumb Code    70  gfxfb.o(i._ZN5GFXFb9drawPixelEsst)
    GFXFb::GFXFb(unsigned short, unsigned short, unsigned short*) 0x00005051   Thumb Code    36  gfxfb.o(i._ZN5GFXFbC1EttPt)
    GFXFb::GFXFb__sub_object(unsigned short, unsigned short, unsigned short*) 0x00005051   Thumb Code     0  gfxfb.o(i._ZN5GFXFbC1EttPt)
    LM75B::open()                            0x00005079   Thumb Code    30  lm75b.o(i._ZN5LM75B4openEv)
    LM75B::temp()                            0x00005099   Thumb Code    70  lm75b.o(i._ZN5LM75B4tempEv)
    LM75B::read16(char)                      0x000050e9   Thumb Code    54  lm75b.o(i._ZN5LM75B6read16Ec)
    LM75B::LM75B(PinName, PinName, LM75B::Address, int) 0x0000511f   Thumb Code    44  lm75b.o(i._ZN5LM75BC1E7PinNameS0_NS_7AddressEi)
    LM75B::LM75B__sub_object(PinName, PinName, LM75B::Address, int) 0x0000511f   Thumb Code     0  lm75b.o(i._ZN5LM75BC1E7PinNameS0_NS_7AddressEi)
    Display::theDisplay()                    0x0000514d   Thumb Code    50  display.o(i._ZN7Display10theDisplayEv)
    Display::_putc(int)                      0x00005189   Thumb Code    20  display.o(i._ZN7Display5_putcEi)
    Display::Display()                       0x0000519d   Thumb Code   272  display.o(i._ZN7DisplayC1Ev)
    Display::Display__sub_object()           0x0000519d   Thumb Code     0  display.o(i._ZN7DisplayC1Ev)
    MMA7455::getModeControl()                0x000052ed   Thumb Code    66  mma7455.o(i._ZN7MMA745514getModeControlEv)
    MMA7455::setModeControl(unsigned char)   0x0000532f   Thumb Code    52  mma7455.o(i._ZN7MMA745514setModeControlEh)
    MMA7455::read(int&, int&, int&)          0x00005363   Thumb Code   242  mma7455.o(i._ZN7MMA74554readERiS0_S0_)
    MMA7455::setMode(MMA7455::Mode)          0x00005455   Thumb Code    62  mma7455.o(i._ZN7MMA74557setModeENS_4ModeE)
    MMA7455::calibrate()                     0x00005493   Thumb Code   170  mma7455.o(i._ZN7MMA74559calibrateEv)
    MMA7455::getStatus()                     0x0000553d   Thumb Code    66  mma7455.o(i._ZN7MMA74559getStatusEv)
    MMA7455::MMA7455(PinName, PinName)       0x0000557f   Thumb Code    36  mma7455.o(i._ZN7MMA7455C1E7PinNameS0_)
    MMA7455::MMA7455__sub_object(PinName, PinName) 0x0000557f   Thumb Code     0  mma7455.o(i._ZN7MMA7455C1E7PinNameS0_)
    operator new(unsigned)                   0x000055a5   Thumb Code    34  new.o(i._Znwj)
    __ARM_fpclassify                         0x000055cd   Thumb Code    48  fpclassify.o(i.__ARM_fpclassify)
    __cxa_guard_acquire                      0x000055fd   Thumb Code    16  cxa_guard_acquire.o(i.__cxa_guard_acquire)
    __cxa_pure_virtual                       0x0000560d   Thumb Code     6  pure_virt.o(i.__cxa_pure_virtual)
    __reserved_stack_size                    0x00005613   Thumb Code     6  sdram.o(i.__reserved_stack_size)
    __rt_heap_extend                         0x00005619   Thumb Code    54  sdram.o(i.__rt_heap_extend)
    __user_setup_stackheap                   0x000056f5   Thumb Code    42  sys.o(i.__user_setup_stackheap)
    _is_digit                                0x0000577f   Thumb Code    14  __printf_wp.o(i._is_digit)
    _sys_close                               0x0000578d   Thumb Code    44  retarget.o(i._sys_close)
    _sys_flen                                0x000057bd   Thumb Code    38  retarget.o(i._sys_flen)
    _sys_istty                               0x000057e9   Thumb Code    38  retarget.o(i._sys_istty)
    _sys_open                                0x00005815   Thumb Code   284  retarget.o(i._sys_open)
    _sys_seek                                0x00005945   Thumb Code    44  retarget.o(i._sys_seek)
    _sys_write                               0x00005975   Thumb Code    88  retarget.o(i._sys_write)
    analogin_init                            0x00005a65   Thumb Code   120  analogin_api.o(i.analogin_init)
    analogin_read                            0x00005b11   Thumb Code    36  analogin_api.o(i.analogin_read)
    error                                    0x00005b39   Thumb Code    28  error.o(i.error)
    exit                                     0x00005b59   Thumb Code    24  retarget.o(i.exit)
    fpu_init                                 0x00005b79   Thumb Code    62  system_lpc407x_8x_177x_8x.o(i.fpu_init)
    fputc                                    0x00005bc9   Thumb Code    26  fputc.o(i.fputc)
    get_us_ticker_data                       0x00005be5   Thumb Code     4  us_ticker_api.o(i.get_us_ticker_data)
    gpio_dir                                 0x00005bed   Thumb Code    68  gpio_api.o(i.gpio_dir)
    gpio_init                                0x00005c7d   Thumb Code    50  gpio_api.o(i.gpio_init)
    gpio_init_in                             0x00005cb5   Thumb Code    18  gpio.o(i.gpio_init_in)
    gpio_init_in_ex                          0x00005cc7   Thumb Code    20  gpio.o(i.gpio_init_in_ex)
    gpio_init_out                            0x00005cdb   Thumb Code    18  gpio.o(i.gpio_init_out)
    gpio_init_out_ex                         0x00005ced   Thumb Code    22  gpio.o(i.gpio_init_out_ex)
    gpio_mode                                0x00005d03   Thumb Code    18  gpio_api.o(i.gpio_mode)
    gpio_set                                 0x00005d15   Thumb Code    40  gpio_api.o(i.gpio_set)
    i2c_frequency                            0x00005f29   Thumb Code    22  i2c_api.o(i.i2c_frequency)
    i2c_init                                 0x00005f45   Thumb Code   218  i2c_api.o(i.i2c_init)
    i2c_read                                 0x00006089   Thumb Code   176  i2c_api.o(i.i2c_read)
    i2c_start                                0x00006139   Thumb Code    72  i2c_api.o(i.i2c_start)
    i2c_stop                                 0x00006189   Thumb Code    58  i2c_api.o(i.i2c_stop)
    i2c_write                                0x000061f1   Thumb Code   130  i2c_api.o(i.i2c_write)
    $Super$$main                             0x00006275   Thumb Code   664  main.o(i.main)
    mbed_assert_internal                     0x000065e5   Thumb Code    22  assert.o(i.mbed_assert_internal)
    mbed_die                                 0x00006631   Thumb Code   116  board.o(i.mbed_die)
    mbed_main                                0x000066a5   Thumb Code     2  retarget.o(i.mbed_main)
    mbed_sdk_init                            0x000066a7   Thumb Code     2  retarget.o(i.mbed_sdk_init)
    pin_function                             0x000066bd   Thumb Code    42  pinmap.o(i.pin_function)
    pin_mode                                 0x00006731   Thumb Code    66  pinmap.o(i.pin_mode)
    pinmap_find_peripheral                   0x000067bd   Thumb Code    32  pinmap_common.o(i.pinmap_find_peripheral)
    pinmap_merge                             0x000067dd   Thumb Code    42  pinmap_common.o(i.pinmap_merge)
    pinmap_peripheral                        0x0000681d   Thumb Code    44  pinmap_common.o(i.pinmap_peripheral)
    pinmap_pinout                            0x00006869   Thumb Code    62  pinmap_common.o(i.pinmap_pinout)
    pwmout_init                              0x000068bd   Thumb Code   184  pwmout_api.o(i.pwmout_init)
    pwmout_period_ms                         0x000069b1   Thumb Code    22  pwmout_api.o(i.pwmout_period_ms)
    pwmout_period_us                         0x000069c9   Thumb Code    64  pwmout_api.o(i.pwmout_period_us)
    pwmout_write                             0x00006a0d   Thumb Code   100  pwmout_api.o(i.pwmout_write)
    serial_baud                              0x00006a75   Thumb Code   320  serial_api.o(i.serial_baud)
    serial_format                            0x00006bb9   Thumb Code   168  serial_api.o(i.serial_format)
    serial_init                              0x00006cb5   Thumb Code   378  serial_api.o(i.serial_init)
    serial_putc                              0x00006e61   Thumb Code    24  serial_api.o(i.serial_putc)
    serial_writable                          0x00006e79   Thumb Code    12  serial_api.o(i.serial_writable)
    ticker_insert_event                      0x00006e85   Thumb Code    80  ticker_api.o(i.ticker_insert_event)
    ticker_irq_handler                       0x00006ed5   Thumb Code    90  ticker_api.o(i.ticker_irq_handler)
    ticker_read                              0x00006f2f   Thumb Code    12  ticker_api.o(i.ticker_read)
    ticker_remove_event                      0x00006f3b   Thumb Code    82  ticker_api.o(i.ticker_remove_event)
    ticker_set_handler                       0x00006f8d   Thumb Code    18  ticker_api.o(i.ticker_set_handler)
    us_ticker_clear_interrupt                0x00006fa1   Thumb Code     8  us_ticker.o(i.us_ticker_clear_interrupt)
    us_ticker_disable_interrupt              0x00006fad   Thumb Code    14  us_ticker.o(i.us_ticker_disable_interrupt)
    us_ticker_init                           0x00006fc1   Thumb Code    92  us_ticker.o(i.us_ticker_init)
    us_ticker_irq_handler                    0x00007035   Thumb Code    10  us_ticker_api.o(i.us_ticker_irq_handler)
    us_ticker_read                           0x00007045   Thumb Code    18  us_ticker.o(i.us_ticker_read)
    us_ticker_set_interrupt                  0x00007061   Thumb Code    16  us_ticker.o(i.us_ticker_set_interrupt)
    wait                                     0x00007075   Thumb Code    36  wait_api.o(i.wait)
    wait_ms                                  0x0000709d   Thumb Code    18  wait_api.o(i.wait_ms)
    wait_us                                  0x000070af   Thumb Code    24  wait_api.o(i.wait_us)
    _get_lc_numeric                          0x000070c9   Thumb Code    44  lc_numeric_c.o(locale$$code)
    _get_lc_ctype                            0x000070f5   Thumb Code    44  lc_ctype_c.o(locale$$code)
    mbed::FunctionPointerArg1<void, void>::attach(void(*)()) 0x00007121   Thumb Code     8  main.o(t._ZN4mbed19FunctionPointerArg1IvvE6attachEPFvvE)
    __aeabi_d2f                              0x00007129   Thumb Code     0  d2f.o(x$fpl$d2f)
    _d2f                                     0x00007129   Thumb Code    98  d2f.o(x$fpl$d2f)
    __aeabi_i2d                              0x0000718b   Thumb Code     0  dflt_clz.o(x$fpl$dflt)
    _dflt                                    0x0000718b   Thumb Code    46  dflt_clz.o(x$fpl$dflt)
    __aeabi_dmul                             0x000071b9   Thumb Code     0  dmul.o(x$fpl$dmul)
    _dmul                                    0x000071b9   Thumb Code   332  dmul.o(x$fpl$dmul)
    __fpl_dnaninf                            0x0000730d   Thumb Code   156  dnaninf.o(x$fpl$dnaninf)
    __fpl_dretinf                            0x000073a9   Thumb Code    12  dretinf.o(x$fpl$dretinf)
    __aeabi_f2d                              0x000073b5   Thumb Code     0  f2d.o(x$fpl$f2d)
    _f2d                                     0x000073b5   Thumb Code    86  f2d.o(x$fpl$f2d)
    __fpl_fnaninf                            0x0000740b   Thumb Code   140  fnaninf.o(x$fpl$fnaninf)
    _fp_init                                 0x00007497   Thumb Code    10  fpinit.o(x$fpl$fpinit)
    __fplib_config_fpu_vfp                   0x0000749f   Thumb Code     0  fpinit.o(x$fpl$fpinit)
    __fplib_config_pureend_doubles           0x0000749f   Thumb Code     0  fpinit.o(x$fpl$fpinit)
    __fpl_fretinf                            0x000074a1   Thumb Code    10  fretinf.o(x$fpl$fretinf)
    _printf_fp_dec                           0x000074ab   Thumb Code     4  printf1.o(x$fpl$printf1)
    _printf_fp_hex                           0x000074af   Thumb Code     4  printf2.o(x$fpl$printf2)
    __I$use$fp                               0x000074b2   Number         0  usenofp.o(x$fpl$usenofp)
    __stdin_name                             0x00007a38   Data           7  retarget.o(.constdata)
    __stdout_name                            0x00007a3f   Data           8  retarget.o(.constdata)
    __stderr_name                            0x00007a47   Data           8  retarget.o(.constdata)
    vtable for EaLcdBoard                    0x00007f34   Data          28  ealcdboard.o(.constdata__ZTV10EaLcdBoard)
    vtable for Adafruit_GFX                  0x00007f50   Data          44  adafruit_gfx.o(.constdata__ZTV12Adafruit_GFX)
    vtable for EaLcdBoardGPIO                0x00007f7c   Data          28  ealcdboardgpio.o(.constdata__ZTV14EaLcdBoardGPIO)
    vtable for GFXFb                         0x00007f98   Data          44  gfxfb.o(.constdata__ZTV5GFXFb)
    vtable for Display                       0x00007fc4   Data         112  display.o(.constdata__ZTV7Display)
    vtable for mbed::FileHandle              0x00008034   Data          44  retarget.o(.constdata__ZTVN4mbed10FileHandleE)
    vtable for mbed::TimerEvent              0x00008060   Data          20  timerevent.o(.constdata__ZTVN4mbed10TimerEventE)
    vtable for mbed::Stream                  0x00008074   Data          68  stream.o(.constdata__ZTVN4mbed6StreamE)
    vtable for mbed::Ticker                  0x000080b8   Data          20  ticker.o(.constdata__ZTVN4mbed6TickerE)
    vtable for mbed::FileBase                0x000080cc   Data          16  filebase.o(.constdata__ZTVN4mbed8FileBaseE)
    vtable for mbed::FileLike                0x000080dc   Data          60  filelike.o(.constdata__ZTVN4mbed8FileLikeE)
    Region$$Table$$Base                      0x000082b0   Number         0  anon$$obj.o(Region$$Table)
    Region$$Table$$Limit                     0x000082d0   Number         0  anon$$obj.o(Region$$Table)
    __ctype                                  0x000082f9   Data           0  lc_ctype_c.o(locale$$data)
    SHT$$INIT_ARRAY$$Base                    0x000083fc   Number         0  main.o(.init_array)
    SHT$$INIT_ARRAY$$Limit                   0x00008400   Number         0  init_aeabi.o(.init_array)
    pot                                      0x100000e8   Data           1  main.o(.data)
    potVal                                   0x100000ec   Data           4  main.o(.data)
    tempVal                                  0x100000f0   Data           4  main.o(.data)
    screen                                   0x100000f4   Data           4  main.o(.data)
    tickCt                                   0x100000f8   Data           4  main.o(.data)
    x                                        0x100000fc   Data           4  main.o(.data)
    y                                        0x10000100   Data           4  main.o(.data)
    dx                                       0x10000104   Data           4  main.o(.data)
    dy                                       0x10000108   Data           4  main.o(.data)
    SystemCoreClock                          0x1000011c   Data           4  system_lpc407x_8x_177x_8x.o(.data)
    PeripheralClock                          0x10000120   Data           4  system_lpc407x_8x_177x_8x.o(.data)
    EMCClock                                 0x10000124   Data           4  system_lpc407x_8x_177x_8x.o(.data)
    USBClock                                 0x10000128   Data           4  system_lpc407x_8x_177x_8x.o(.data)
    mbed::I2C::_owner                        0x1000013c   Data           4  i2c.o(.data)
    us_ticker_inited                         0x10000140   Data           4  us_ticker.o(.data)
    mbed::FileBase::_head                    0x10000154   Data           4  filebase.o(.data)
    stdio_uart_inited                        0x10000160   Data           4  serial_api.o(.data)
    stdio_uart                               0x10000164   Data           8  serial_api.o(.data)
    LcdController::_lcdControllerUsed        0x1000016c   Data           1  lcdcontroller.o(.data)
    __aeabi_stdin                            0x10000170   Data           4  stdio_streams.o(.data)
    __aeabi_stdout                           0x10000174   Data           4  stdio_streams.o(.data)
    __aeabi_stderr                           0x10000178   Data           4  stdio_streams.o(.data)
    led1                                     0x1000017c   Data          24  main.o(.bss)
    acc                                      0x1000020c   Data          24  main.o(.bss)
    accVal                                   0x10000224   Data          12  main.o(.bss)
    lm75b                                    0x10000230   Data          12  main.o(.bss)
    __stdin                                  0x1000067c   Data          84  stdio_streams.o(.bss)
    __stdout                                 0x100006d0   Data          84  stdio_streams.o(.bss)
    __stderr                                 0x10000724   Data          84  stdio_streams.o(.bss)
    Image$$RW_IRAM1$$ZI$$Limit               0x1000079c   Number         0  anon$$obj.o ABSOLUTE



==============================================================================

Memory Map of the image

  Image Entry point : 0x000000e5

  Load Region LR_IROM1 (Base: 0x00000000, Size: 0x00008494, Max: 0x00080000, ABSOLUTE)

    Execution Region ER_IROM1 (Base: 0x00000000, Size: 0x00008400, Max: 0x00080000, ABSOLUTE)

    Base Addr    Size         Type   Attr      Idx    E Section Name        Object

    0x00000000   0x000000e4   Data   RO          396    RESET               startup_lpc407x_8x_177x_8x.o
    0x000000e4   0x00000008   Code   RO         4423  * !!!main             c_w.l(__main.o)
    0x000000ec   0x00000034   Code   RO         5161    !!!scatter          c_w.l(__scatter.o)
    0x00000120   0x0000001a   Code   RO         5163    !!handler_copy      c_w.l(__scatter_copy.o)
    0x0000013a   0x00000002   PAD
    0x0000013c   0x0000001c   Code   RO         5165    !!handler_zi        c_w.l(__scatter_zi.o)
    0x00000158   0x00000000   Code   RO         4366    .ARM.Collect$$_printf_percent$$00000000  c_w.l(_printf_percent.o)
    0x00000158   0x00000006   Code   RO         4633    .ARM.Collect$$_printf_percent$$00000001  c_w.l(_printf_n.o)
    0x0000015e   0x00000006   Code   RO         4365    .ARM.Collect$$_printf_percent$$00000002  c_w.l(_printf_p.o)
    0x00000164   0x00000006   Code   RO         4639    .ARM.Collect$$_printf_percent$$00000003  c_w.l(_printf_f.o)
    0x0000016a   0x00000006   Code   RO         4640    .ARM.Collect$$_printf_percent$$00000004  c_w.l(_printf_e.o)
    0x00000170   0x00000006   Code   RO         4641    .ARM.Collect$$_printf_percent$$00000005  c_w.l(_printf_g.o)
    0x00000176   0x00000006   Code   RO         4642    .ARM.Collect$$_printf_percent$$00000006  c_w.l(_printf_a.o)
    0x0000017c   0x0000000a   Code   RO         4647    .ARM.Collect$$_printf_percent$$00000007  c_w.l(_printf_ll.o)
    0x00000186   0x00000006   Code   RO         4636    .ARM.Collect$$_printf_percent$$00000008  c_w.l(_printf_i.o)
    0x0000018c   0x00000006   Code   RO         4637    .ARM.Collect$$_printf_percent$$00000009  c_w.l(_printf_d.o)
    0x00000192   0x00000006   Code   RO         4638    .ARM.Collect$$_printf_percent$$0000000A  c_w.l(_printf_u.o)
    0x00000198   0x00000006   Code   RO         4635    .ARM.Collect$$_printf_percent$$0000000B  c_w.l(_printf_o.o)
    0x0000019e   0x00000006   Code   RO         4634    .ARM.Collect$$_printf_percent$$0000000C  c_w.l(_printf_x.o)
    0x000001a4   0x00000006   Code   RO         4644    .ARM.Collect$$_printf_percent$$0000000D  c_w.l(_printf_lli.o)
    0x000001aa   0x00000006   Code   RO         4645    .ARM.Collect$$_printf_percent$$0000000E  c_w.l(_printf_lld.o)
    0x000001b0   0x00000006   Code   RO         4646    .ARM.Collect$$_printf_percent$$0000000F  c_w.l(_printf_llu.o)
    0x000001b6   0x00000006   Code   RO         4651    .ARM.Collect$$_printf_percent$$00000010  c_w.l(_printf_llo.o)
    0x000001bc   0x00000006   Code   RO         4652    .ARM.Collect$$_printf_percent$$00000011  c_w.l(_printf_llx.o)
    0x000001c2   0x0000000a   Code   RO         4648    .ARM.Collect$$_printf_percent$$00000012  c_w.l(_printf_l.o)
    0x000001cc   0x00000006   Code   RO         4631    .ARM.Collect$$_printf_percent$$00000013  c_w.l(_printf_c.o)
    0x000001d2   0x00000006   Code   RO         4632    .ARM.Collect$$_printf_percent$$00000014  c_w.l(_printf_s.o)
    0x000001d8   0x00000006   Code   RO         4649    .ARM.Collect$$_printf_percent$$00000015  c_w.l(_printf_lc.o)
    0x000001de   0x00000006   Code   RO         4650    .ARM.Collect$$_printf_percent$$00000016  c_w.l(_printf_ls.o)
    0x000001e4   0x00000004   Code   RO         4643    .ARM.Collect$$_printf_percent$$00000017  c_w.l(_printf_percent_end.o)
    0x000001e8   0x00000002   Code   RO         5027    .ARM.Collect$$libinit$$00000000  c_w.l(libinit.o)
    0x000001ea   0x00000004   Code   RO         4700    .ARM.Collect$$libinit$$00000001  c_w.l(libinit2.o)
    0x000001ee   0x00000000   Code   RO         4703    .ARM.Collect$$libinit$$00000004  c_w.l(libinit2.o)
    0x000001ee   0x00000008   Code   RO         4704    .ARM.Collect$$libinit$$00000005  c_w.l(libinit2.o)
    0x000001f6   0x00000000   Code   RO         4706    .ARM.Collect$$libinit$$0000000A  c_w.l(libinit2.o)
    0x000001f6   0x00000000   Code   RO         4708    .ARM.Collect$$libinit$$0000000C  c_w.l(libinit2.o)
    0x000001f6   0x00000000   Code   RO         4710    .ARM.Collect$$libinit$$0000000E  c_w.l(libinit2.o)
    0x000001f6   0x00000006   Code   RO         4711    .ARM.Collect$$libinit$$0000000F  c_w.l(libinit2.o)
    0x000001fc   0x00000000   Code   RO         4713    .ARM.Collect$$libinit$$00000011  c_w.l(libinit2.o)
    0x000001fc   0x0000000c   Code   RO         4714    .ARM.Collect$$libinit$$00000012  c_w.l(libinit2.o)
    0x00000208   0x00000000   Code   RO         4715    .ARM.Collect$$libinit$$00000013  c_w.l(libinit2.o)
    0x00000208   0x00000000   Code   RO         4717    .ARM.Collect$$libinit$$00000015  c_w.l(libinit2.o)
    0x00000208   0x0000000a   Code   RO         4718    .ARM.Collect$$libinit$$00000016  c_w.l(libinit2.o)
    0x00000212   0x00000000   Code   RO         4719    .ARM.Collect$$libinit$$00000017  c_w.l(libinit2.o)
    0x00000212   0x00000000   Code   RO         4721    .ARM.Collect$$libinit$$00000019  c_w.l(libinit2.o)
    0x00000212   0x00000000   Code   RO         4723    .ARM.Collect$$libinit$$0000001B  c_w.l(libinit2.o)
    0x00000212   0x00000000   Code   RO         4725    .ARM.Collect$$libinit$$0000001D  c_w.l(libinit2.o)
    0x00000212   0x00000000   Code   RO         4727    .ARM.Collect$$libinit$$0000001F  c_w.l(libinit2.o)
    0x00000212   0x00000000   Code   RO         4729    .ARM.Collect$$libinit$$00000021  c_w.l(libinit2.o)
    0x00000212   0x00000000   Code   RO         4731    .ARM.Collect$$libinit$$00000023  c_w.l(libinit2.o)
    0x00000212   0x00000004   Code   RO         4732    .ARM.Collect$$libinit$$00000024  c_w.l(libinit2.o)
    0x00000216   0x00000000   Code   RO         4733    .ARM.Collect$$libinit$$00000025  c_w.l(libinit2.o)
    0x00000216   0x00000000   Code   RO         4737    .ARM.Collect$$libinit$$0000002C  c_w.l(libinit2.o)
    0x00000216   0x00000000   Code   RO         4739    .ARM.Collect$$libinit$$0000002E  c_w.l(libinit2.o)
    0x00000216   0x00000000   Code   RO         4741    .ARM.Collect$$libinit$$00000030  c_w.l(libinit2.o)
    0x00000216   0x00000004   Code   RO         4742    .ARM.Collect$$libinit$$00000031  c_w.l(libinit2.o)
    0x0000021a   0x00000000   Code   RO         4743    .ARM.Collect$$libinit$$00000032  c_w.l(libinit2.o)
    0x0000021a   0x00000002   Code   RO         4744    .ARM.Collect$$libinit$$00000033  c_w.l(libinit2.o)
    0x0000021c   0x00000000   Code   RO         4911    .ARM.Collect$$libshutdown$$00000004  c_w.l(libshutdown2.o)
    0x0000021c   0x00000000   Code   RO         4571    .ARM.Collect$$rtentry$$00000000  c_w.l(__rtentry.o)
    0x0000021c   0x00000000   Code   RO         4806    .ARM.Collect$$rtentry$$00000002  c_w.l(__rtentry2.o)
    0x0000021c   0x00000006   Code   RO         4818    .ARM.Collect$$rtentry$$00000004  c_w.l(__rtentry4.o)
    0x00000222   0x00000000   Code   RO         4808    .ARM.Collect$$rtentry$$00000009  c_w.l(__rtentry2.o)
    0x00000222   0x00000004   Code   RO         4809    .ARM.Collect$$rtentry$$0000000A  c_w.l(__rtentry2.o)
    0x00000226   0x00000000   Code   RO         4811    .ARM.Collect$$rtentry$$0000000C  c_w.l(__rtentry2.o)
    0x00000226   0x00000008   Code   RO         4812    .ARM.Collect$$rtentry$$0000000D  c_w.l(__rtentry2.o)
    0x0000022e   0x00000002   PAD
    0x00000230   0x00000000   Code   RO         4824    .emb_text           c_w.l(maybetermalloc1.o)
    0x00000230   0x00000024   Code   RO          398    .text               startup_lpc407x_8x_177x_8x.o
    0x00000254   0x0000005e   Code   RO         4256    .text               c_w.l(h1_alloc.o)
    0x000002b2   0x0000000a   Code   RO         4314    .text               c_w.l(vfprintf.o)
    0x000002bc   0x0000000a   Code   RO         4316    .text               c_w.l(c89vfprintf.o)
    0x000002c6   0x00000002   PAD
    0x000002c8   0x0000002c   Code   RO         4318    .text               c_w.l(__2sprintf.o)
    0x000002f4   0x00000008   Code   RO         4572    .text               c_w.l(rt_heap_descriptor.o)
    0x000002fc   0x00000004   Code   RO          397    .ARM.__at_0x02FC    startup_lpc407x_8x_177x_8x.o
    0x00000300   0x0000004e   Code   RO         4258    .text               c_w.l(h1_free.o)
    0x0000034e   0x00000002   PAD
    0x00000350   0x00000094   Code   RO         4342    .text               c_w.l(_printf_hex_int_ll_ptr.o)
    0x000003e4   0x00000188   Code   RO         4362    .text               c_w.l(__printf_flags_ss_wp.o)
    0x0000056c   0x0000003c   Code   RO         4369    .text               c_w.l(__0sscanf.o)
    0x000005a8   0x0000014c   Code   RO         4371    .text               c_w.l(_scanf_int.o)
    0x000006f4   0x00000064   Code   RO         4373    .text               c_w.l(fflush.o)
    0x00000758   0x000000ec   Code   RO         4387    .text               c_w.l(fopen.o)
    0x00000844   0x00000014   Code   RO         4389    .text               c_w.l(setbuf.o)
    0x00000858   0x0000004c   Code   RO         4397    .text               c_w.l(fclose.o)
    0x000008a4   0x0000003e   Code   RO         4409    .text               c_w.l(strlen.o)
    0x000008e2   0x00000096   Code   RO         4411    .text               c_w.l(strncmp.o)
    0x00000978   0x00000044   Code   RO         4415    .text               c_w.l(rt_memclr.o)
    0x000009bc   0x0000004e   Code   RO         4417    .text               c_w.l(rt_memclr_w.o)
    0x00000a0a   0x00000002   PAD
    0x00000a0c   0x00000080   Code   RO         4421    .text               c_w.l(strcmpv7m.o)
    0x00000a8c   0x00000024   Code   RO         4428    .text               c_w.l(init_aeabi.o)
    0x00000ab0   0x00000008   Code   RO         4577    .text               c_w.l(rt_new_handler_addr.o)
    0x00000ab8   0x00000004   Code   RO         4582    .text               c_w.l(hguard.o)
    0x00000abc   0x0000008a   Code   RO         4584    .text               c_w.l(init_alloc.o)
    0x00000b46   0x0000000e   Code   RO         4588    .text               c_w.l(h1_init.o)
    0x00000b54   0x0000004e   Code   RO         4602    .text               c_w.l(_printf_pad.o)
    0x00000ba2   0x00000024   Code   RO         4604    .text               c_w.l(_printf_truncate.o)
    0x00000bc6   0x00000052   Code   RO         4606    .text               c_w.l(_printf_str.o)
    0x00000c18   0x000000b2   Code   RO         4608    .text               c_w.l(_printf_intcommon.o)
    0x00000cca   0x00000002   PAD
    0x00000ccc   0x00000078   Code   RO         4610    .text               c_w.l(_printf_dec.o)
    0x00000d44   0x00000028   Code   RO         4612    .text               c_w.l(_printf_charcount.o)
    0x00000d6c   0x00000030   Code   RO         4614    .text               c_w.l(_printf_char_common.o)
    0x00000d9c   0x0000000a   Code   RO         4616    .text               c_w.l(_sputc.o)
    0x00000da6   0x00000002   PAD
    0x00000da8   0x00000024   Code   RO         4618    .text               c_w.l(_printf_char_file.o)
    0x00000dcc   0x000000bc   Code   RO         4620    .text               c_w.l(_printf_wctomb.o)
    0x00000e88   0x0000007c   Code   RO         4623    .text               c_w.l(_printf_longlong_dec.o)
    0x00000f04   0x00000070   Code   RO         4629    .text               c_w.l(_printf_oct_int_ll.o)
    0x00000f74   0x0000001c   Code   RO         4653    .text               c_w.l(_chval.o)
    0x00000f90   0x0000002c   Code   RO         4659    .text               c_w.l(scanf_char.o)
    0x00000fbc   0x00000040   Code   RO         4661    .text               c_w.l(_sgetc.o)
    0x00000ffc   0x00000008   Code   RO         4671    .text               c_w.l(ferror.o)
    0x00001004   0x000001d6   Code   RO         4675    .text               c_w.l(flsbuf.o)
    0x000011da   0x00000002   PAD
    0x000011dc   0x000000f8   Code   RO         4677    .text               c_w.l(fseek.o)
    0x000012d4   0x00000046   Code   RO         4679    .text               c_w.l(setvbuf.o)
    0x0000131a   0x00000002   PAD
    0x0000131c   0x000000f0   Code   RO         4681    .text               c_w.l(stdio.o)
    0x0000140c   0x00000138   Code   RO         4684    .text               c_w.l(initio.o)
    0x00001544   0x0000000e   Code   RO         4692    .text               c_w.l(defsig_pvfn_outer.o)
    0x00001552   0x00000004   Code   RO         4752    .text               cpprt_w.l(arm_newhandler_noexceptions.o)
    0x00001556   0x00000034   Code   RO         4826    .text               c_w.l(h1_extend.o)
    0x0000158a   0x0000008a   Code   RO         4830    .text               c_w.l(lludiv10.o)
    0x00001614   0x00000012   Code   RO         4832    .text               c_w.l(isspace.o)
    0x00001626   0x0000041a   Code   RO         4834    .text               c_w.l(_printf_fp_dec.o)
    0x00001a40   0x000002fc   Code   RO         4836    .text               c_w.l(_printf_fp_hex.o)
    0x00001d3c   0x0000002c   Code   RO         4841    .text               c_w.l(_printf_char.o)
    0x00001d68   0x0000002c   Code   RO         4845    .text               c_w.l(_printf_wchar.o)
    0x00001d94   0x00000374   Code   RO         4847    .text               c_w.l(_scanf.o)
    0x00002108   0x00000042   Code   RO         4857    .text               c_w.l(ftell.o)
    0x0000214a   0x00000040   Code   RO         4883    .text               c_w.l(_wcrtomb.o)
    0x0000218a   0x0000000a   Code   RO         4885    .text               c_w.l(defsig_exit.o)
    0x00002194   0x0000000e   Code   RO         4887    .text               c_w.l(defsig_rtred_outer.o)
    0x000021a2   0x0000000e   Code   RO         4891    .text               c_w.l(defsig_rtmem_outer.o)
    0x000021b0   0x00000030   Code   RO         4895    .text               c_w.l(defsig_pvfn_inner.o)
    0x000021e0   0x00000008   Code   RO         4904    .text               c_w.l(heapauxmm.o)
    0x000021e8   0x0000001a   Code   RO         4944    .text               cpprt_w.l(arm_exceptions_terminate.o)
    0x00002202   0x00000002   PAD
    0x00002204   0x00000050   Code   RO         4947    .text               cpprt_w.l(arm_exceptions_globs.o)
    0x00002254   0x0000000c   Code   RO         4955    .text               c_w.l(sys_exit.o)
    0x00002260   0x00000010   Code   RO         4957    .text               c_w.l(rt_ctype_table.o)
    0x00002270   0x00000008   Code   RO         4959    .text               c_w.l(rt_locale.o)
    0x00002278   0x00000008   Code   RO         4964    .text               c_w.l(rt_eh_globals_addr.o)
    0x00002280   0x00000008   Code   RO         4969    .text               c_w.l(rt_errno_addr.o)
    0x00002288   0x00000080   Code   RO         4976    .text               c_w.l(_printf_fp_infnan.o)
    0x00002308   0x000000dc   Code   RO         4978    .text               c_w.l(bigflt0.o)
    0x000023e4   0x00000016   Code   RO         5008    .text               c_w.l(abort.o)
    0x000023fa   0x00000032   Code   RO         5012    .text               c_w.l(defsig_general.o)
    0x0000242c   0x00000034   Code   RO         5014    .text               c_w.l(defsig_rtred_inner.o)
    0x00002460   0x00000050   Code   RO         5016    .text               c_w.l(defsig_rtmem_inner.o)
    0x000024b0   0x0000003c   Code   RO         5031    .text               cpprt_w.l(arm_exceptions_mem.o)
    0x000024ec   0x0000000e   Code   RO         5062    .text               c_w.l(sys_wrch.o)
    0x000024fa   0x00000002   Code   RO         5064    .text               c_w.l(use_no_semi.o)
    0x000024fc   0x00000000   Code   RO         5066    .text               c_w.l(indicate_semi.o)
    0x000024fc   0x0000000e   Code   RO         5082    .text               c_w.l(defsig_abrt_outer.o)
    0x0000250a   0x00000002   PAD
    0x0000250c   0x00000030   Code   RO         5098    .text               c_w.l(defsig_abrt_inner.o)
    0x0000253c   0x0000003e   Code   RO         4981    CL$$btod_d2e        c_w.l(btod.o)
    0x0000257a   0x00000046   Code   RO         4983    CL$$btod_d2e_denorm_low  c_w.l(btod.o)
    0x000025c0   0x00000060   Code   RO         4982    CL$$btod_d2e_norm_op1  c_w.l(btod.o)
    0x00002620   0x00000338   Code   RO         4991    CL$$btod_div_common  c_w.l(btod.o)
    0x00002958   0x000000c6   Code   RO         4988    CL$$btod_e2e        c_w.l(btod.o)
    0x00002a1e   0x00000028   Code   RO         4985    CL$$btod_ediv       c_w.l(btod.o)
    0x00002a46   0x00000028   Code   RO         4984    CL$$btod_emul       c_w.l(btod.o)
    0x00002a6e   0x00000244   Code   RO         4990    CL$$btod_mult_common  c_w.l(btod.o)
    0x00002cb2   0x00000010   Code   RO         2699    i.$Sub$$main        mbed.lib(retarget.o)
    0x00002cc2   0x00000002   PAD
    0x00002cc4   0x00000040   Code   RO          407    i.NVIC_SetVector    cmsis_nvic.o
    0x00002d04   0x000002d4   Code   RO          462    i.SystemCoreClockUpdate  system_lpc407x_8x_177x_8x.o
    0x00002fd8   0x000000ec   Code   RO          463    i.SystemInit        system_lpc407x_8x_177x_8x.o
    0x000030c4   0x000000fc   Code   RO         3388    i._Z10sdram_initv   ebb.lib(sdram.o)
    0x000031c0   0x0000005c   Code   RO         3389    i._Z10sdram_testv   ebb.lib(sdram.o)
    0x0000321c   0x00000048   Code   RO         3390    i._Z11calibrationv  ebb.lib(sdram.o)
    0x00003264   0x00000084   Code   RO         3391    i._Z11find_cmddlyv  ebb.lib(sdram.o)
    0x000032e8   0x00000020   Code   RO         2700    i._Z11init_serialv  mbed.lib(retarget.o)
    0x00003308   0x00000028   Code   RO         3089    i._Z11str_to_uintPcj  ebb.lib(ealcdboard.o)
    0x00003330   0x00000084   Code   RO            3    i._Z12timerHandlerv  main.o
    0x000033b4   0x00000058   Code   RO         3392    i._Z13adjust_timingv  ebb.lib(sdram.o)
    0x0000340c   0x00000084   Code   RO         3393    i._Z13find_fbclkdlyv  ebb.lib(sdram.o)
    0x00003490   0x0000003c   Code   RO            4    i._Z13jsPrsdAndRlsd7btnId_t  main.o
    0x000034cc   0x00000020   Code   RO            5    i._Z7accInitR7MMA7455  main.o
    0x000034ec   0x00000048   Code   RO            6    i._Z9gpio_readP6gpio_t  main.o
    0x00003534   0x00000354   Code   RO         3395    i._Z9pinConfigv     ebb.lib(sdram.o)
    0x00003888   0x0000000a   Code   RO         3090    i._Z9port_pin28PortNamei  ebb.lib(ealcdboard.o)
    0x00003892   0x0000007e   Code   RO         3091    i._ZN10EaLcdBoard10eepromReadEPhtt  ebb.lib(ealcdboard.o)
    0x00003910   0x000000dc   Code   RO         3092    i._ZN10EaLcdBoard10execPinSetEPcj  ebb.lib(ealcdboard.o)
    0x000039ec   0x00000058   Code   RO         3093    i._ZN10EaLcdBoard10getInitSeqEPci  ebb.lib(ealcdboard.o)
    0x00003a44   0x00000084   Code   RO         3095    i._ZN10EaLcdBoard11execSeqCtrlEPcj  ebb.lib(ealcdboard.o)
    0x00003ac8   0x00000020   Code   RO         3096    i._ZN10EaLcdBoard11set5VSignalEb  ebb.lib(ealcdboard.o)
    0x00003ae8   0x0000003e   Code   RO         3097    i._ZN10EaLcdBoard11setLsStatesEtPhh  ebb.lib(ealcdboard.o)
    0x00003b26   0x00000022   Code   RO         3098    i._ZN10EaLcdBoard12checkVersionEPcj  ebb.lib(ealcdboard.o)
    0x00003b48   0x000000dc   Code   RO         3099    i._ZN10EaLcdBoard12getLcdConfigEPN13LcdController6ConfigE  ebb.lib(ealcdboard.o)
    0x00003c24   0x00000020   Code   RO         3100    i._ZN10EaLcdBoard12set3V3SignalEb  ebb.lib(ealcdboard.o)
    0x00003c44   0x00000044   Code   RO         3103    i._ZN10EaLcdBoard14setFrameBufferEj  ebb.lib(ealcdboard.o)
    0x00003c88   0x000000be   Code   RO         3105    i._ZN10EaLcdBoard15parseInitStringEPcPN13LcdController6ConfigE  ebb.lib(ealcdboard.o)
    0x00003d46   0x0000002c   Code   RO         3106    i._ZN10EaLcdBoard15pca9532_setLedsEtt  ebb.lib(ealcdboard.o)
    0x00003d72   0x0000002e   Code   RO         3110    i._ZN10EaLcdBoard20setBacklightContrastEj  ebb.lib(ealcdboard.o)
    0x00003da0   0x00000036   Code   RO         3111    i._ZN10EaLcdBoard21pca9532_setBlink0DutyEh  ebb.lib(ealcdboard.o)
    0x00003dd6   0x00000018   Code   RO         3112    i._ZN10EaLcdBoard21pca9532_setBlink0LedsEt  ebb.lib(ealcdboard.o)
    0x00003dee   0x00000020   Code   RO         3113    i._ZN10EaLcdBoard22setDisplayEnableSignalEb  ebb.lib(ealcdboard.o)
    0x00003e0e   0x00000022   Code   RO         3114    i._ZN10EaLcdBoard23pca9532_setBlink0PeriodEh  ebb.lib(ealcdboard.o)
    0x00003e30   0x0000004c   Code   RO         3115    i._ZN10EaLcdBoard4openEPN13LcdController6ConfigEPc  ebb.lib(ealcdboard.o)
    0x00003e7c   0x0000006c   Code   RO         3117    i._ZN10EaLcdBoard7setLedsEv  ebb.lib(ealcdboard.o)
    0x00003ee8   0x00000028   Code   RO         3118    i._ZN10EaLcdBoard8getStoreEPNS_7store_tE  ebb.lib(ealcdboard.o)
    0x00003f10   0x0000001e   Code   RO         3119    i._ZN10EaLcdBoard9execDelayEPcj  ebb.lib(ealcdboard.o)
    0x00003f2e   0x00000002   PAD
    0x00003f30   0x00000044   Code   RO         3120    i._ZN10EaLcdBoardC1E7PinNameS0_  ebb.lib(ealcdboard.o)
    0x00003f74   0x00000164   Code   RO         1099    i._ZN12Adafruit_GFX10drawCircleEssst  ebb.lib(adafruit_gfx.o)
    0x000040d8   0x00000040   Code   RO         1100    i._ZN12Adafruit_GFX10fillCircleEssst  ebb.lib(adafruit_gfx.o)
    0x00004118   0x00000006   Code   RO         1109    i._ZN12Adafruit_GFX12setTextColorEtt  ebb.lib(adafruit_gfx.o)
    0x0000411e   0x0000002e   Code   RO         1111    i._ZN12Adafruit_GFX13drawFastVLineEssst  ebb.lib(adafruit_gfx.o)
    0x0000414c   0x000000f6   Code   RO         1116    i._ZN12Adafruit_GFX16fillCircleHelperEssshst  ebb.lib(adafruit_gfx.o)
    0x00004242   0x00000008   Code   RO         1117    i._ZN12Adafruit_GFX5widthEv  ebb.lib(adafruit_gfx.o)
    0x0000424a   0x0000007a   Code   RO         1118    i._ZN12Adafruit_GFX5writeEh  ebb.lib(adafruit_gfx.o)
    0x000042c4   0x00000008   Code   RO         1119    i._ZN12Adafruit_GFX6heightEv  ebb.lib(adafruit_gfx.o)
    0x000042cc   0x00000104   Code   RO         1120    i._ZN12Adafruit_GFX8drawCharEsshtth  ebb.lib(adafruit_gfx.o)
    0x000043d0   0x000000dc   Code   RO         1121    i._ZN12Adafruit_GFX8drawLineEsssst  ebb.lib(adafruit_gfx.o)
    0x000044ac   0x00000036   Code   RO         1123    i._ZN12Adafruit_GFX8fillRectEsssst  ebb.lib(adafruit_gfx.o)
    0x000044e2   0x00000006   Code   RO         1124    i._ZN12Adafruit_GFX9setCursorEss  ebb.lib(adafruit_gfx.o)
    0x000044e8   0x00000030   Code   RO         1125    i._ZN12Adafruit_GFXC2Ess  ebb.lib(adafruit_gfx.o)
    0x00004518   0x00000018   Code   RO         4185    i._ZN13LcdController14setFrameBufferEj  ebb.lib(lcdcontroller.o)
    0x00004530   0x0000003c   Code   RO         4186    i._ZN13LcdController15getClockDivisorEi  ebb.lib(lcdcontroller.o)
    0x0000456c   0x000001c0   Code   RO         4187    i._ZN13LcdController4initEPNS_6ConfigE  ebb.lib(lcdcontroller.o)
    0x0000472c   0x00000048   Code   RO         4188    i._ZN13LcdController4openEPNS_6ConfigE  ebb.lib(lcdcontroller.o)
    0x00004774   0x00000060   Code   RO         2100    i._ZN13LcdController6ConfigC1EiiiiiiiibbbbiNS_12BitsPerPixelEiNS_8LcdPanelEb  ebb.lib(display.o)
    0x000047d4   0x00000044   Code   RO         4190    i._ZN13LcdController8setPowerEb  ebb.lib(lcdcontroller.o)
    0x00004818   0x0000015c   Code   RO         4191    i._ZN13LcdController9pinConfigEv  ebb.lib(lcdcontroller.o)
    0x00004974   0x00000006   Code   RO         4192    i._ZN13LcdControllerC1Ev  ebb.lib(lcdcontroller.o)
    0x0000497a   0x00000020   Code   RO         2974    i._ZN14EaLcdBoardGPIO11set5VSignalEb  ebb.lib(ealcdboardgpio.o)
    0x0000499a   0x00000020   Code   RO         2975    i._ZN14EaLcdBoardGPIO12set3V3SignalEb  ebb.lib(ealcdboardgpio.o)
    0x000049ba   0x00000002   Code   RO         2976    i._ZN14EaLcdBoardGPIO15setWriteProtectEb  ebb.lib(ealcdboardgpio.o)
    0x000049bc   0x0000005c   Code   RO         2977    i._ZN14EaLcdBoardGPIO20setBacklightContrastEj  ebb.lib(ealcdboardgpio.o)
    0x00004a18   0x00000038   Code   RO         2978    i._ZN14EaLcdBoardGPIO22setDisplayEnableSignalEb  ebb.lib(ealcdboardgpio.o)
    0x00004a50   0x0000009c   Code   RO         2979    i._ZN14EaLcdBoardGPIOC1E7PinNameS0_  ebb.lib(ealcdboardgpio.o)
    0x00004aec   0x0000001a   Code   RO         3028    i._ZN4mbed10DigitalOutC1E7PinName  ebb.lib(ealcdboardgpio.o)
    0x00004b06   0x00000002   PAD
    0x00004b08   0x0000005c   Code   RO         3022    i._ZN4mbed10DigitalOutaSEi  ebb.lib(ealcdboardgpio.o)
    0x00004b64   0x0000003a   Code   RO         2495    i._ZN4mbed10FileHandle4flenEv  mbed.lib(filelike.o)
    0x00004b9e   0x00000010   Code   RO          984    i._ZN4mbed10TimerEvent3irqEj  mbed.lib(timerevent.o)
    0x00004bae   0x00000014   Code   RO          985    i._ZN4mbed10TimerEvent6insertEj  mbed.lib(timerevent.o)
    0x00004bc2   0x0000000e   Code   RO          986    i._ZN4mbed10TimerEvent6removeEv  mbed.lib(timerevent.o)
    0x00004bd0   0x0000002c   Code   RO          988    i._ZN4mbed10TimerEventC2Ev  mbed.lib(timerevent.o)
    0x00004bfc   0x0000000e   Code   RO         2703    i._ZN4mbed26mbed_set_unbuffered_streamEPSt6__FILE  mbed.lib(retarget.o)
    0x00004c0a   0x0000003a   Code   RO         2529    i._ZN4mbed3I2C4readEiPcib  mbed.lib(i2c.o)
    0x00004c44   0x0000003a   Code   RO         2533    i._ZN4mbed3I2C5writeEiPKcib  mbed.lib(i2c.o)
    0x00004c7e   0x00000002   PAD
    0x00004c80   0x00000020   Code   RO         2534    i._ZN4mbed3I2C6aquireEv  mbed.lib(i2c.o)
    0x00004ca0   0x0000001c   Code   RO         2535    i._ZN4mbed3I2C9frequencyEi  mbed.lib(i2c.o)
    0x00004cbc   0x0000002c   Code   RO         2536    i._ZN4mbed3I2CC1E7PinNameS1_  mbed.lib(i2c.o)
    0x00004ce8   0x00000006   Code   RO          710    i._ZN4mbed6Stream4flenEv  mbed.lib(stream.o)
    0x00004cee   0x00000006   Code   RO          716    i._ZN4mbed6Stream5closeEv  mbed.lib(stream.o)
    0x00004cf4   0x00000006   Code   RO          718    i._ZN4mbed6Stream5lseekEli  mbed.lib(stream.o)
    0x00004cfa   0x00000030   Code   RO          720    i._ZN4mbed6Stream5writeEPKvj  mbed.lib(stream.o)
    0x00004d2a   0x00000006   Code   RO          721    i._ZN4mbed6Stream6isattyEv  mbed.lib(stream.o)
    0x00004d30   0x00000028   Code   RO          722    i._ZN4mbed6Stream6printfEPKcz  mbed.lib(stream.o)
    0x00004d58   0x00000048   Code   RO          723    i._ZN4mbed6StreamC2EPKc  mbed.lib(stream.o)
    0x00004da0   0x00000022   Code   RO          912    i._ZN4mbed6Ticker5setupEj  mbed.lib(ticker.o)
    0x00004dc2   0x00000038   Code   RO          914    i._ZN4mbed6Ticker7handlerEv  mbed.lib(ticker.o)
    0x00004dfa   0x00000006   Code   RO         3475    i._ZN4mbed8FileBase11getPathTypeEv  mbed.lib(filebase.o)
    0x00004e00   0x00000038   Code   RO         3477    i._ZN4mbed8FileBase6lookupEPKcj  mbed.lib(filebase.o)
    0x00004e38   0x00000028   Code   RO         3479    i._ZN4mbed8FileBaseC1EPKcNS_8PathTypeE  mbed.lib(filebase.o)
    0x00004e60   0x0000002c   Code   RO         2463    i._ZN4mbed8FileLikeC2EPKc  mbed.lib(filelike.o)
    0x00004e8c   0x00000014   Code   RO         3540    i._ZN4mbed8FilePath10fileSystemEv  mbed.lib(filepath.o)
    0x00004ea0   0x0000001c   Code   RO         3541    i._ZN4mbed8FilePath12isFileSystemEv  mbed.lib(filepath.o)
    0x00004ebc   0x0000001e   Code   RO         3542    i._ZN4mbed8FilePath4fileEv  mbed.lib(filepath.o)
    0x00004eda   0x0000000e   Code   RO         3543    i._ZN4mbed8FilePath6existsEv  mbed.lib(filepath.o)
    0x00004ee8   0x0000001c   Code   RO         3544    i._ZN4mbed8FilePath6isFileEv  mbed.lib(filepath.o)
    0x00004f04   0x00000006   Code   RO         3545    i._ZN4mbed8FilePath8fileNameEv  mbed.lib(filepath.o)
    0x00004f0a   0x00000056   Code   RO         3546    i._ZN4mbed8FilePathC1EPKc  mbed.lib(filepath.o)
    0x00004f60   0x0000001a   Code   RO           63    i._ZN4mbed9DigitalInC1E7PinName  main.o
    0x00004f7a   0x00000026   Code   RO         3318    i._ZN5GFXFb10fillScreenEt  ebb.lib(gfxfb.o)
    0x00004fa0   0x00000068   Code   RO         3321    i._ZN5GFXFb13drawFastVLineEssst  ebb.lib(gfxfb.o)
    0x00005008   0x00000046   Code   RO         3324    i._ZN5GFXFb9drawPixelEsst  ebb.lib(gfxfb.o)
    0x0000504e   0x00000002   PAD
    0x00005050   0x00000028   Code   RO         3325    i._ZN5GFXFbC1EttPt  ebb.lib(gfxfb.o)
    0x00005078   0x0000001e   Code   RO         1768    i._ZN5LM75B4openEv  ebb.lib(lm75b.o)
    0x00005096   0x00000002   PAD
    0x00005098   0x00000050   Code   RO         1769    i._ZN5LM75B4tempEv  ebb.lib(lm75b.o)
    0x000050e8   0x00000036   Code   RO         1773    i._ZN5LM75B6read16Ec  ebb.lib(lm75b.o)
    0x0000511e   0x0000002c   Code   RO         1782    i._ZN5LM75BC1E7PinNameS0_NS_7AddressEi  ebb.lib(lm75b.o)
    0x0000514a   0x00000002   PAD
    0x0000514c   0x0000003c   Code   RO         2043    i._ZN7Display10theDisplayEv  ebb.lib(display.o)
    0x00005188   0x00000014   Code   RO         2045    i._ZN7Display5_putcEi  ebb.lib(display.o)
    0x0000519c   0x00000150   Code   RO         2047    i._ZN7DisplayC1Ev   ebb.lib(display.o)
    0x000052ec   0x00000042   Code   RO         1544    i._ZN7MMA745514getModeControlEv  ebb.lib(mma7455.o)
    0x0000532e   0x00000034   Code   RO         1545    i._ZN7MMA745514setModeControlEh  ebb.lib(mma7455.o)
    0x00005362   0x000000f2   Code   RO         1548    i._ZN7MMA74554readERiS0_S0_  ebb.lib(mma7455.o)
    0x00005454   0x0000003e   Code   RO         1549    i._ZN7MMA74557setModeENS_4ModeE  ebb.lib(mma7455.o)
    0x00005492   0x000000aa   Code   RO         1551    i._ZN7MMA74559calibrateEv  ebb.lib(mma7455.o)
    0x0000553c   0x00000042   Code   RO         1552    i._ZN7MMA74559getStatusEv  ebb.lib(mma7455.o)
    0x0000557e   0x00000024   Code   RO         1553    i._ZN7MMA7455C1E7PinNameS0_  ebb.lib(mma7455.o)
    0x000055a2   0x00000002   PAD
    0x000055a4   0x00000028   Code   RO         4434    i._Znwj             cpprt_w.l(new.o)
    0x000055cc   0x00000030   Code   RO         5052    i.__ARM_fpclassify  m_wm.l(fpclassify.o)
    0x000055fc   0x00000010   Code   RO         4441    i.__cxa_guard_acquire  cpprt_w.l(cxa_guard_acquire.o)
    0x0000560c   0x00000006   Code   RO         4438    i.__cxa_pure_virtual  cpprt_w.l(pure_virt.o)
    0x00005612   0x00000006   Code   RO         3396    i.__reserved_stack_size  ebb.lib(sdram.o)
    0x00005618   0x00000044   Code   RO         3397    i.__rt_heap_extend  ebb.lib(sdram.o)
    0x0000565c   0x00000098   Code   RO            7    i.__sti___8_main_cpp_led1  main.o
    0x000056f4   0x00000030   Code   RO          498    i.__user_setup_stackheap  sys.o
    0x00005724   0x00000026   Code   RO          560    i._gpio_init_in     mbed.lib(gpio.o)
    0x0000574a   0x00000034   Code   RO          561    i._gpio_init_out    mbed.lib(gpio.o)
    0x0000577e   0x0000000e   Code   RO         4355    i._is_digit         c_w.l(__printf_wp.o)
    0x0000578c   0x00000030   Code   RO         2706    i._sys_close        mbed.lib(retarget.o)
    0x000057bc   0x0000002c   Code   RO         2709    i._sys_flen         mbed.lib(retarget.o)
    0x000057e8   0x0000002c   Code   RO         2710    i._sys_istty        mbed.lib(retarget.o)
    0x00005814   0x00000130   Code   RO         2711    i._sys_open         mbed.lib(retarget.o)
    0x00005944   0x00000030   Code   RO         2713    i._sys_seek         mbed.lib(retarget.o)
    0x00005974   0x00000064   Code   RO         2714    i._sys_write        mbed.lib(retarget.o)
    0x000059d8   0x00000050   Code   RO         1042    i.adc_read          mbed.lib(analogin_api.o)
    0x00005a28   0x0000003a   Code   RO         1043    i.adc_read_u32      mbed.lib(analogin_api.o)
    0x00005a62   0x00000002   PAD
    0x00005a64   0x000000ac   Code   RO         1044    i.analogin_init     mbed.lib(analogin_api.o)
    0x00005b10   0x00000028   Code   RO         1045    i.analogin_read     mbed.lib(analogin_api.o)
    0x00005b38   0x00000020   Code   RO         2294    i.error             mbed.lib(error.o)
    0x00005b58   0x00000020   Code   RO         2716    i.exit              mbed.lib(retarget.o)
    0x00005b78   0x00000050   Code   RO          464    i.fpu_init          system_lpc407x_8x_177x_8x.o
    0x00005bc8   0x0000001a   Code   RO         4382    i.fputc             c_w.l(fputc.o)
    0x00005be2   0x00000002   PAD
    0x00005be4   0x00000008   Code   RO         2434    i.get_us_ticker_data  mbed.lib(us_ticker_api.o)
    0x00005bec   0x00000090   Code   RO         2610    i.gpio_dir          mbed.lib(gpio_api.o)
    0x00005c7c   0x00000038   Code   RO         2611    i.gpio_init         mbed.lib(gpio_api.o)
    0x00005cb4   0x00000012   Code   RO          562    i.gpio_init_in      mbed.lib(gpio.o)
    0x00005cc6   0x00000014   Code   RO          563    i.gpio_init_in_ex   mbed.lib(gpio.o)
    0x00005cda   0x00000012   Code   RO          565    i.gpio_init_out     mbed.lib(gpio.o)
    0x00005cec   0x00000016   Code   RO          566    i.gpio_init_out_ex  mbed.lib(gpio.o)
    0x00005d02   0x00000012   Code   RO         2612    i.gpio_mode         mbed.lib(gpio_api.o)
    0x00005d14   0x00000070   Code   RO         2613    i.gpio_set          mbed.lib(gpio_api.o)
    0x00005d84   0x00000080   Code   RO          567    i.gpio_write        mbed.lib(gpio.o)
    0x00005e04   0x00000080   Code   RO         4157    i.gpio_write        mbed.lib(board.o)
    0x00005e84   0x00000016   Code   RO         3772    i.i2c_clear_SI      mbed.lib(i2c_api.o)
    0x00005e9a   0x00000018   Code   RO         3773    i.i2c_conclr        mbed.lib(i2c_api.o)
    0x00005eb2   0x00000018   Code   RO         3774    i.i2c_conset        mbed.lib(i2c_api.o)
    0x00005eca   0x0000003e   Code   RO         3775    i.i2c_do_read       mbed.lib(i2c_api.o)
    0x00005f08   0x00000020   Code   RO         3776    i.i2c_do_write      mbed.lib(i2c_api.o)
    0x00005f28   0x0000001c   Code   RO         3777    i.i2c_frequency     mbed.lib(i2c_api.o)
    0x00005f44   0x00000144   Code   RO         3778    i.i2c_init          mbed.lib(i2c_api.o)
    0x00006088   0x000000b0   Code   RO         3779    i.i2c_read          mbed.lib(i2c_api.o)
    0x00006138   0x00000048   Code   RO         3888    i.i2c_start         mbed.lib(i2c_api.o)
    0x00006180   0x00000008   Code   RO         3786    i.i2c_status        mbed.lib(i2c_api.o)
    0x00006188   0x00000040   Code   RO         3894    i.i2c_stop          mbed.lib(i2c_api.o)
    0x000061c8   0x00000028   Code   RO         3787    i.i2c_wait_SI       mbed.lib(i2c_api.o)
    0x000061f0   0x00000082   Code   RO         3788    i.i2c_write         mbed.lib(i2c_api.o)
    0x00006272   0x00000002   PAD
    0x00006274   0x00000370   Code   RO            8    i.main              main.o
    0x000065e4   0x0000004c   Code   RO          540    i.mbed_assert_internal  mbed.lib(assert.o)
    0x00006630   0x00000074   Code   RO         4158    i.mbed_die          mbed.lib(board.o)
    0x000066a4   0x00000002   Code   RO         2717    i.mbed_main         mbed.lib(retarget.o)
    0x000066a6   0x00000002   Code   RO         2718    i.mbed_sdk_init     mbed.lib(retarget.o)
    0x000066a8   0x00000014   Code   RO         1047    i.order             mbed.lib(analogin_api.o)
    0x000066bc   0x00000074   Code   RO         3744    i.pin_function      mbed.lib(pinmap.o)
    0x00006730   0x0000008c   Code   RO         3745    i.pin_mode          mbed.lib(pinmap.o)
    0x000067bc   0x00000020   Code   RO         2332    i.pinmap_find_peripheral  mbed.lib(pinmap_common.o)
    0x000067dc   0x00000040   Code   RO         2334    i.pinmap_merge      mbed.lib(pinmap_common.o)
    0x0000681c   0x0000004c   Code   RO         2335    i.pinmap_peripheral  mbed.lib(pinmap_common.o)
    0x00006868   0x00000054   Code   RO         2336    i.pinmap_pinout     mbed.lib(pinmap_common.o)
    0x000068bc   0x000000f4   Code   RO         3912    i.pwmout_init       mbed.lib(pwmout_api.o)
    0x000069b0   0x00000016   Code   RO         3914    i.pwmout_period_ms  mbed.lib(pwmout_api.o)
    0x000069c6   0x00000002   PAD
    0x000069c8   0x00000044   Code   RO         3915    i.pwmout_period_us  mbed.lib(pwmout_api.o)
    0x00006a0c   0x00000068   Code   RO         3920    i.pwmout_write      mbed.lib(pwmout_api.o)
    0x00006a74   0x00000144   Code   RO         3992    i.serial_baud       mbed.lib(serial_api.o)
    0x00006bb8   0x000000fc   Code   RO         3996    i.serial_format     mbed.lib(serial_api.o)
    0x00006cb4   0x000001ac   Code   RO         3999    i.serial_init       mbed.lib(serial_api.o)
    0x00006e60   0x00000018   Code   RO         4003    i.serial_putc       mbed.lib(serial_api.o)
    0x00006e78   0x0000000c   Code   RO         4005    i.serial_writable   mbed.lib(serial_api.o)
    0x00006e84   0x00000050   Code   RO         2382    i.ticker_insert_event  mbed.lib(ticker_api.o)
    0x00006ed4   0x0000005a   Code   RO         2383    i.ticker_irq_handler  mbed.lib(ticker_api.o)
    0x00006f2e   0x0000000c   Code   RO         2384    i.ticker_read       mbed.lib(ticker_api.o)
    0x00006f3a   0x00000052   Code   RO         2385    i.ticker_remove_event  mbed.lib(ticker_api.o)
    0x00006f8c   0x00000012   Code   RO         2386    i.ticker_set_handler  mbed.lib(ticker_api.o)
    0x00006f9e   0x00000002   PAD
    0x00006fa0   0x0000000c   Code   RO         2648    i.us_ticker_clear_interrupt  mbed.lib(us_ticker.o)
    0x00006fac   0x00000014   Code   RO         2649    i.us_ticker_disable_interrupt  mbed.lib(us_ticker.o)
    0x00006fc0   0x00000074   Code   RO         2650    i.us_ticker_init    mbed.lib(us_ticker.o)
    0x00007034   0x00000010   Code   RO         2435    i.us_ticker_irq_handler  mbed.lib(us_ticker_api.o)
    0x00007044   0x0000001c   Code   RO         2651    i.us_ticker_read    mbed.lib(us_ticker.o)
    0x00007060   0x00000014   Code   RO         2652    i.us_ticker_set_interrupt  mbed.lib(us_ticker.o)
    0x00007074   0x00000028   Code   RO          666    i.wait              mbed.lib(wait_api.o)
    0x0000709c   0x00000012   Code   RO          667    i.wait_ms           mbed.lib(wait_api.o)
    0x000070ae   0x00000018   Code   RO          668    i.wait_us           mbed.lib(wait_api.o)
    0x000070c6   0x00000002   PAD
    0x000070c8   0x0000002c   Code   RO         5006    locale$$code        c_w.l(lc_numeric_c.o)
    0x000070f4   0x0000002c   Code   RO         5078    locale$$code        c_w.l(lc_ctype_c.o)
    0x00007120   0x00000008   Code   RO           57    t._ZN4mbed19FunctionPointerArg1IvvE6attachEPFvvE  main.o
    0x00007128   0x00000062   Code   RO         4553    x$fpl$d2f           fz_wm.l(d2f.o)
    0x0000718a   0x0000002e   Code   RO         4556    x$fpl$dflt          fz_wm.l(dflt_clz.o)
    0x000071b8   0x00000154   Code   RO         4563    x$fpl$dmul          fz_wm.l(dmul.o)
    0x0000730c   0x0000009c   Code   RO         4783    x$fpl$dnaninf       fz_wm.l(dnaninf.o)
    0x000073a8   0x0000000c   Code   RO         4785    x$fpl$dretinf       fz_wm.l(dretinf.o)
    0x000073b4   0x00000056   Code   RO         4567    x$fpl$f2d           fz_wm.l(f2d.o)
    0x0000740a   0x0000008c   Code   RO         4787    x$fpl$fnaninf       fz_wm.l(fnaninf.o)
    0x00007496   0x0000000a   Code   RO         4953    x$fpl$fpinit        fz_wm.l(fpinit.o)
    0x000074a0   0x0000000a   Code   RO         4789    x$fpl$fretinf       fz_wm.l(fretinf.o)
    0x000074aa   0x00000004   Code   RO         4791    x$fpl$printf1       fz_wm.l(printf1.o)
    0x000074ae   0x00000004   Code   RO         4793    x$fpl$printf2       fz_wm.l(printf2.o)
    0x000074b2   0x00000000   Code   RO         4801    x$fpl$usenofp       fz_wm.l(usenofp.o)
    0x000074b2   0x00000002   PAD
    0x000074b4   0x0000006c   Data   RO         1048    .constdata          mbed.lib(analogin_api.o)
    0x00007520   0x000004fb   Data   RO         1154    .constdata          ebb.lib(adafruit_gfx.o)
    0x00007a1b   0x00000001   PAD
    0x00007a1c   0x0000001c   Data   RO         2436    .constdata          mbed.lib(us_ticker_api.o)
    0x00007a38   0x00000017   Data   RO         2760    .constdata          mbed.lib(retarget.o)
    0x00007a4f   0x00000001   PAD
    0x00007a50   0x00000128   Data   RO         3789    .constdata          mbed.lib(i2c_api.o)
    0x00007b78   0x00000190   Data   RO         3921    .constdata          mbed.lib(pwmout_api.o)
    0x00007d08   0x0000012c   Data   RO         4013    .constdata          mbed.lib(serial_api.o)
    0x00007e34   0x00000028   Data   RO         4343    .constdata          c_w.l(_printf_hex_int_ll_ptr.o)
    0x00007e5c   0x00000011   Data   RO         4363    .constdata          c_w.l(__printf_flags_ss_wp.o)
    0x00007e6d   0x00000003   PAD
    0x00007e70   0x00000008   Data   RO         4621    .constdata          c_w.l(_printf_wctomb.o)
    0x00007e78   0x00000026   Data   RO         4837    .constdata          c_w.l(_printf_fp_hex.o)
    0x00007e9e   0x00000002   PAD
    0x00007ea0   0x00000094   Data   RO         4979    .constdata          c_w.l(bigflt0.o)
    0x00007f34   0x0000001c   Data   RO         3296    .constdata__ZTV10EaLcdBoard  ebb.lib(ealcdboard.o)
    0x00007f50   0x0000002c   Data   RO         1294    .constdata__ZTV12Adafruit_GFX  ebb.lib(adafruit_gfx.o)
    0x00007f7c   0x0000001c   Data   RO         3021    .constdata__ZTV14EaLcdBoardGPIO  ebb.lib(ealcdboardgpio.o)
    0x00007f98   0x0000002c   Data   RO         3377    .constdata__ZTV5GFXFb  ebb.lib(gfxfb.o)
    0x00007fc4   0x00000070   Data   RO         2099    .constdata__ZTV7Display  ebb.lib(display.o)
    0x00008034   0x0000002c   Data   RO         2926    .constdata__ZTVN4mbed10FileHandleE  mbed.lib(retarget.o)
    0x00008060   0x00000014   Data   RO         1034    .constdata__ZTVN4mbed10TimerEventE  mbed.lib(timerevent.o)
    0x00008074   0x00000044   Data   RO          821    .constdata__ZTVN4mbed6StreamE  mbed.lib(stream.o)
    0x000080b8   0x00000014   Data   RO          940    .constdata__ZTVN4mbed6TickerE  mbed.lib(ticker.o)
    0x000080cc   0x00000010   Data   RO         3526    .constdata__ZTVN4mbed8FileBaseE  mbed.lib(filebase.o)
    0x000080dc   0x0000003c   Data   RO         2494    .constdata__ZTVN4mbed8FileLikeE  mbed.lib(filelike.o)
    0x00008118   0x00000048   Data   RO           16    .conststring        main.o
    0x00008160   0x00000044   Data   RO         1049    .conststring        mbed.lib(analogin_api.o)
    0x000081a4   0x00000042   Data   RO         3922    .conststring        mbed.lib(pwmout_api.o)
    0x000081e6   0x00000002   PAD
    0x000081e8   0x000000c6   Data   RO         4014    .conststring        mbed.lib(serial_api.o)
    0x000082ae   0x00000002   PAD
    0x000082b0   0x00000020   Data   RO         5159    Region$$Table       anon$$obj.o
    0x000082d0   0x0000001c   Data   RO         5005    locale$$data        c_w.l(lc_numeric_c.o)
    0x000082ec   0x00000110   Data   RO         5077    locale$$data        c_w.l(lc_ctype_c.o)
    0x000083fc   0x00000004   Data   RO           18    .init_array         main.o
    0x00008400   0x00000000   Data   RO         4426    .init_array         c_w.l(init_aeabi.o)


    Execution Region RW_IRAM1 (Base: 0x100000e8, Size: 0x000006b4, Max: 0x0000ff18, ABSOLUTE)

    Base Addr    Size         Type   Attr      Idx    E Section Name        Object

    0x100000e8   0x00000034   Data   RW           17    .data               main.o
    0x1000011c   0x00000010   Data   RW          465    .data               system_lpc407x_8x_177x_8x.o
    0x1000012c   0x00000008   Data   RW         2061    .data               ebb.lib(display.o)
    0x10000134   0x00000008   Data   RW         2437    .data               mbed.lib(us_ticker_api.o)
    0x1000013c   0x00000004   Data   RW         2546    .data               mbed.lib(i2c.o)
    0x10000140   0x00000004   Data   RW         2653    .data               mbed.lib(us_ticker.o)
    0x10000144   0x00000010   Data   RW         3408    .data               ebb.lib(sdram.o)
    0x10000154   0x00000004   Data   RW         3489    .data               mbed.lib(filebase.o)
    0x10000158   0x00000004   Data   RW         3923    .data               mbed.lib(pwmout_api.o)
    0x1000015c   0x00000010   Data   RW         4015    .data               mbed.lib(serial_api.o)
    0x1000016c   0x00000001   Data   RW         4201    .data               ebb.lib(lcdcontroller.o)
    0x1000016d   0x00000003   PAD
    0x10000170   0x00000004   Data   RW         4394    .data               c_w.l(stdio_streams.o)
    0x10000174   0x00000004   Data   RW         4395    .data               c_w.l(stdio_streams.o)
    0x10000178   0x00000004   Data   RW         4396    .data               c_w.l(stdio_streams.o)
    0x1000017c   0x000000c0   Zero   RW           15    .bss                main.o
    0x1000023c   0x00000040   Zero   RW         2759    .bss                mbed.lib(retarget.o)
    0x1000027c   0x00000400   Zero   RW         3153    .bss                ebb.lib(ealcdboard.o)
    0x1000067c   0x00000054   Zero   RW         4391    .bss                c_w.l(stdio_streams.o)
    0x100006d0   0x00000054   Zero   RW         4392    .bss                c_w.l(stdio_streams.o)
    0x10000724   0x00000054   Zero   RW         4393    .bss                c_w.l(stdio_streams.o)
    0x10000778   0x00000004   Zero   RW         4573    .bss                c_w.l(rt_heap_descriptor.o)
    0x1000077c   0x00000004   Zero   RW         4578    .bss                c_w.l(rt_new_handler_addr.o)
    0x10000780   0x00000014   Zero   RW         4960    .bss                c_w.l(rt_locale.o)
    0x10000794   0x00000004   Zero   RW         4965    .bss                c_w.l(rt_eh_globals_addr.o)
    0x10000798   0x00000004   Zero   RW         4970    .bss                c_w.l(rt_errno_addr.o)


    Execution Region RW_IRAM2 (Base: 0x20000000, Size: 0x00000000, Max: 0x00004000, ABSOLUTE)

    **** No section assigned to this execution region ****


    Execution Region RW_IRAM3 (Base: 0x20004000, Size: 0x00000000, Max: 0x00004000, ABSOLUTE)

    **** No section assigned to this execution region ****



  Load Region LR_IROM2 (Base: 0x28000000, Size: 0x00000000, Max: 0x01000000, ABSOLUTE)

    Execution Region ER_IROM2 (Base: 0x28000000, Size: 0x00000000, Max: 0x01000000, ABSOLUTE)

    **** No section assigned to this execution region ****


==============================================================================

Image component sizes


      Code (inc. data)   RO Data    RW Data    ZI Data      Debug   Object Name

        64          6          0          0          0      28105   cmsis_nvic.o
      1362        318         76         52        192      68455   main.o
        40         12        228          0          0       1244   startup_lpc407x_8x_177x_8x.o
        48          6          0          0          0       3257   sys.o
      1040         62          0         16          0       4848   system_lpc407x_8x_177x_8x.o

    ----------------------------------------------------------------------
      2554        404        336         68        192     105909   Object Totals
         0          0         32          0          0          0   (incl. Generated)
         0          0          0          0          0          0   (incl. Padding)

    ----------------------------------------------------------------------

      Code (inc. data)   RO Data    RW Data    ZI Data      Debug   Library Member Name

        60          8          0          0          0         84   __0sscanf.o
        44          6          0          0          0         84   __2sprintf.o
         8          0          0          0          0         68   __main.o
       392          4         17          0          0         92   __printf_flags_ss_wp.o
        14          0          0          0          0         68   __printf_wp.o
         0          0          0          0          0          0   __rtentry.o
        12          0          0          0          0          0   __rtentry2.o
         6          0          0          0          0          0   __rtentry4.o
        52          8          0          0          0          0   __scatter.o
        26          0          0          0          0          0   __scatter_copy.o
        28          0          0          0          0          0   __scatter_zi.o
        28          0          0          0          0         68   _chval.o
         6          0          0          0          0          0   _printf_a.o
         6          0          0          0          0          0   _printf_c.o
        44          0          0          0          0        108   _printf_char.o
        48          6          0          0          0         96   _printf_char_common.o
        36          4          0          0          0         80   _printf_char_file.o
        40          0          0          0          0         68   _printf_charcount.o
         6          0          0          0          0          0   _printf_d.o
       120         16          0          0          0         92   _printf_dec.o
         6          0          0          0          0          0   _printf_e.o
         6          0          0          0          0          0   _printf_f.o
      1050          0          0          0          0        216   _printf_fp_dec.o
       764         10         38          0          0        100   _printf_fp_hex.o
       128         16          0          0          0         84   _printf_fp_infnan.o
         6          0          0          0          0          0   _printf_g.o
       148          4         40          0          0        160   _printf_hex_int_ll_ptr.o
         6          0          0          0          0          0   _printf_i.o
       178          0          0          0          0         88   _printf_intcommon.o
        10          0          0          0          0          0   _printf_l.o
         6          0          0          0          0          0   _printf_lc.o
        10          0          0          0          0          0   _printf_ll.o
         6          0          0          0          0          0   _printf_lld.o
         6          0          0          0          0          0   _printf_lli.o
         6          0          0          0          0          0   _printf_llo.o
         6          0          0          0          0          0   _printf_llu.o
         6          0          0          0          0          0   _printf_llx.o
       124         16          0          0          0         92   _printf_longlong_dec.o
         6          0          0          0          0          0   _printf_ls.o
         6          0          0          0          0          0   _printf_n.o
         6          0          0          0          0          0   _printf_o.o
       112          8          0          0          0        124   _printf_oct_int_ll.o
         6          0          0          0          0          0   _printf_p.o
        78          0          0          0          0        108   _printf_pad.o
         0          0          0          0          0          0   _printf_percent.o
         4          0          0          0          0          0   _printf_percent_end.o
         6          0          0          0          0          0   _printf_s.o
        82          0          0          0          0         80   _printf_str.o
        36          0          0          0          0         84   _printf_truncate.o
         6          0          0          0          0          0   _printf_u.o
        44          0          0          0          0        108   _printf_wchar.o
       188          6          8          0          0         92   _printf_wctomb.o
         6          0          0          0          0          0   _printf_x.o
       884          6          0          0          0        100   _scanf.o
       332          0          0          0          0         96   _scanf_int.o
        64          0          0          0          0         84   _sgetc.o
        10          0          0          0          0         68   _sputc.o
        64          0          0          0          0         92   _wcrtomb.o
        22          0          0          0          0         80   abort.o
       220          4        148          0          0         96   bigflt0.o
      1910        128          0          0          0        672   btod.o
        10          0          0          0          0         68   c89vfprintf.o
        48         34          0          0          0         76   defsig_abrt_inner.o
        14          0          0          0          0         80   defsig_abrt_outer.o
        10          0          0          0          0         68   defsig_exit.o
        50          0          0          0          0         88   defsig_general.o
        48         34          0          0          0         76   defsig_pvfn_inner.o
        14          0          0          0          0         80   defsig_pvfn_outer.o
        80         58          0          0          0         76   defsig_rtmem_inner.o
        14          0          0          0          0         80   defsig_rtmem_outer.o
        52         38          0          0          0         76   defsig_rtred_inner.o
        14          0          0          0          0         80   defsig_rtred_outer.o
        76          0          0          0          0         88   fclose.o
         8          0          0          0          0         68   ferror.o
       100          4          0          0          0        120   fflush.o
       470          0          0          0          0         88   flsbuf.o
       236          4          0          0          0        128   fopen.o
        26          0          0          0          0         68   fputc.o
       248          6          0          0          0         84   fseek.o
        66          0          0          0          0         76   ftell.o
        94          0          0          0          0         80   h1_alloc.o
        52          0          0          0          0         68   h1_extend.o
        78          0          0          0          0         80   h1_free.o
        14          0          0          0          0         84   h1_init.o
         8          0          0          0          0         84   heapauxmm.o
         4          0          0          0          0        136   hguard.o
         0          0          0          0          0          0   indicate_semi.o
        36         10          0          0          0         80   init_aeabi.o
       138          0          0          0          0        168   init_alloc.o
       312         46          0          0          0        112   initio.o
        18          0          0          0          0         76   isspace.o
        44         10        272          0          0         76   lc_ctype_c.o
        44         10         28          0          0         76   lc_numeric_c.o
         2          0          0          0          0          0   libinit.o
        50          0          0          0          0          0   libinit2.o
         0          0          0          0          0          0   libshutdown2.o
       138          0          0          0          0         80   lludiv10.o
         0          0          0          0          0          0   maybetermalloc1.o
        16          4          0          0          0         76   rt_ctype_table.o
         8          4          0          0          4         68   rt_eh_globals_addr.o
         8          4          0          0          4         68   rt_errno_addr.o
         8          4          0          0          4         68   rt_heap_descriptor.o
         8          4          0          0         20         68   rt_locale.o
        68          0          0          0          0         68   rt_memclr.o
        78          0          0          0          0         80   rt_memclr_w.o
         8          4          0          0          4         68   rt_new_handler_addr.o
        44          8          0          0          0         84   scanf_char.o
        20          0          0          0          0         68   setbuf.o
        70          0          0          0          0         80   setvbuf.o
       240          6          0          0          0        156   stdio.o
         0          0          0         12        252          0   stdio_streams.o
       128          0          0          0          0         68   strcmpv7m.o
        62          0          0          0          0         76   strlen.o
       150          0          0          0          0         80   strncmp.o
        12          4          0          0          0         68   sys_exit.o
        14          0          0          0          0         76   sys_wrch.o
         2          0          0          0          0         68   use_no_semi.o
        10          0          0          0          0         68   vfprintf.o
        80         12          0          0          0        104   arm_exceptions_globs.o
        60          0          0          0          0        108   arm_exceptions_mem.o
        26          0          0          0          0         76   arm_exceptions_terminate.o
         4          0          0          0          0         68   arm_newhandler_noexceptions.o
        16          0          0          0          0         68   cxa_guard_acquire.o
        40          6          0          0          0         76   new.o
         6          0          0          0          0         68   pure_virt.o
      1444         10       1319          0          0      19404   adafruit_gfx.o
       512         74        112          8          0      44292   display.o
      1810         52         28          0       1024      22924   ealcdboard.o
       488         58         28          0          0      14692   ealcdboardgpio.o
       252          4         44          0          0       4860   gfxfb.o
      1026         62          0          1          0       6364   lcdcontroller.o
       208         10          0          0          0      29068   lm75b.o
       694          0          0          0          0      33812   mma7455.o
      1694         98          0         16          0       7292   sdram.o
        98          4          0          0          0        140   d2f.o
        46          0          0          0          0        116   dflt_clz.o
       340         12          0          0          0        152   dmul.o
       156          4          0          0          0        140   dnaninf.o
        12          0          0          0          0        116   dretinf.o
        86          4          0          0          0        132   f2d.o
       140          4          0          0          0        132   fnaninf.o
        10          0          0          0          0        116   fpinit.o
        10          0          0          0          0        116   fretinf.o
         4          0          0          0          0        116   printf1.o
         4          0          0          0          0        116   printf2.o
         0          0          0          0          0          0   usenofp.o
        48          0          0          0          0        124   fpclassify.o
       370         62        176          0          0       5348   analogin_api.o
        76         54          0          0          0        659   assert.o
       244         82          0          0          0       1199   board.o
        32          4          0          0          0       1088   error.o
       102         12         16          4          0       1952   filebase.o
       102         10         60          0          0       3596   filelike.o
       212          0          0          0          0       6336   filepath.o
       296         82          0          0          0      32384   gpio.o
       330        154          0          0          0       3010   gpio_api.o
       220         22          0          4          0       4912   i2c.o
      1006        122        296          0          0      11801   i2c_api.o
       256        148          0          0          0       1778   pinmap.o
       256         76          0          0          0       2976   pinmap_common.o
       438         68        466          4          0       4131   pwmout_api.o
       686         68         67          0         64      15722   retarget.o
      1040        144        498         16          0       6995   serial_api.o
       184         14         68          0          0      38192   stream.o
        90          0         20          0          0       4864   ticker.o
       282          0          0          0          0       3732   ticker_api.o
        94         10         20          0          0       2104   timerevent.o
       196         48          0          4          0      29756   us_ticker.o
        24         10         28          8          0       1541   us_ticker_api.o
        82          4          0          0          0       3139   wait_api.o

    ----------------------------------------------------------------------
     27094       2154       3808         80       1376     379763   Library Totals
        52          0         11          3          0          0   (incl. Padding)

    ----------------------------------------------------------------------

      Code (inc. data)   RO Data    RW Data    ZI Data      Debug   Library Name

     11110        546        551         12        288       7756   c_w.l
       232         18          0          0          0        568   cpprt_w.l
      8128        368       1531         25       1024     182708   ebb.lib
       906         28          0          0          0       1392   fz_wm.l
        48          0          0          0          0        124   m_wm.l
      6618       1194       1715         40         64     187215   mbed.lib

    ----------------------------------------------------------------------
     27094       2154       3808         80       1376     379763   Library Totals

    ----------------------------------------------------------------------

==============================================================================


      Code (inc. data)   RO Data    RW Data    ZI Data      Debug   

     29648       2558       4144        148       1568     460536   Grand Totals
     29648       2558       4144        148       1568     460536   ELF Image Totals
     29648       2558       4144        148          0          0   ROM Totals

==============================================================================

    Total RO  Size (Code + RO Data)                33792 (  33.00kB)
    Total RW  Size (RW Data + ZI Data)              1716 (   1.68kB)
    Total ROM Size (Code + RO Data + RW Data)      33940 (  33.14kB)

==============================================================================

